Component: ARM Compiler 5.06 update 7 (build 960) Tool: armlink [4d3601]

==============================================================================

Section Cross References

    ave_filter.o(i.ave_fil_init) refers to rt_memclr_w.o(.text) for __aeabi_memclr4
    ave_filter.o(i.ave_fil_update) refers to ave_filter.o(i.ave_fil_init) for ave_fil_init
    kalman_filter.o(i.Correct_Step) refers to kalman_filter.o(i.Kalman_Gain_Update) for Kalman_Gain_Update
    kalman_filter.o(i.Correct_Step) refers to kalman_filter.o(i.Posterior_Hat_Update) for Posterior_Hat_Update
    kalman_filter.o(i.Data_Update_Step) refers to kalman_filter.o(i.Meas_Data_Updata) for Meas_Data_Updata
    kalman_filter.o(i.Data_Update_Step) refers to kalman_filter.o(i.System_Input_Update) for System_Input_Update
    kalman_filter.o(i.Meas_Data_Updata) refers to imu_sensor.o(.data) for imu_sensor
    kalman_filter.o(i.Predict_Step) refers to kalman_filter.o(i.Prior_Hat_Update) for Prior_Hat_Update
    kalman_filter.o(i.Prior_Hat_Update) refers to stm32f4xx_hal.o(i.HAL_GetTick) for HAL_GetTick
    kalman_filter.o(i.Set_Initial_Step) refers to kalman_filter.o(i.Set_Matrix) for Set_Matrix
    kalman_filter.o(i.Set_Initial_Step) refers to kalman_filter.o(i.Set_Posterior_Hat_Initial) for Set_Posterior_Hat_Initial
    kalman_filter.o(i.Start_Kalman_Filter) refers to kalman_filter.o(.data) for .data
    kalman_filter.o(.data) refers to kalman_filter.o(i.Set_Initial_Step) for Set_Initial_Step
    kalman_filter.o(.data) refers to kalman_filter.o(i.Data_Update_Step) for Data_Update_Step
    kalman_filter.o(.data) refers to kalman_filter.o(i.Predict_Step) for Predict_Step
    kalman_filter.o(.data) refers to kalman_filter.o(i.Correct_Step) for Correct_Step
    kalman_filter.o(.data) refers to kalman_filter.o(i.KalPass_Data_Update) for KalPass_Data_Update
    crc.o(i.Append_CRC16_Check_Sum) refers to crc.o(i.Get_CRC16_Check_Sum) for Get_CRC16_Check_Sum
    crc.o(i.Append_CRC16_Check_Sum) refers to crc.o(.data) for .data
    crc.o(i.Append_CRC8_Check_Sum) refers to crc.o(i.Get_CRC8_Check_Sum) for Get_CRC8_Check_Sum
    crc.o(i.Get_CRC16_Check_Sum) refers to crc.o(.constdata) for .constdata
    crc.o(i.Get_CRC8_Check_Sum) refers to crc.o(.constdata) for .constdata
    crc.o(i.Verify_CRC16_Check_Sum) refers to crc.o(i.Get_CRC16_Check_Sum) for Get_CRC16_Check_Sum
    crc.o(i.Verify_CRC16_Check_Sum) refers to crc.o(.data) for .data
    crc.o(i.Verify_CRC8_Check_Sum) refers to crc.o(i.Get_CRC8_Check_Sum) for Get_CRC8_Check_Sum
    control_task.o(i.StartControlTask) refers to offline.o(i.Offline_Handler) for Offline_Handler
    control_task.o(i.StartControlTask) refers to cmsis_os.o(i.osDelay) for osDelay
    control_task.o(i.StartControlTask) refers to master_comm.o(.data) for Master
    control_task.o(i.StartControlTask) refers to state.o(.data) for State
    control_task.o(i.StartControlTask) refers to chassic.o(.data) for chassic
    control_task.o(i.Start_Super_Task) refers to cmsis_os.o(i.osDelay) for osDelay
    control_task.o(i.Start_Super_Task) refers to super.o(.data) for Super_2023
    heartbeat_task.o(i.StartHeartBeatTask) refers to user_motor.o(i.All_motor_heartbeat) for All_motor_heartbeat
    heartbeat_task.o(i.StartHeartBeatTask) refers to tof_sensor.o(i.ALL_TOF_Sensor_HeartBeat) for ALL_TOF_Sensor_HeartBeat
    heartbeat_task.o(i.StartHeartBeatTask) refers to led.o(i.LED_Task) for LED_Task
    heartbeat_task.o(i.StartHeartBeatTask) refers to cmsis_os.o(i.osDelay) for osDelay
    heartbeat_task.o(i.StartHeartBeatTask) refers to master_comm.o(.data) for Master
    heartbeat_task.o(i.StartHeartBeatTask) refers to judge_sensor.o(.data) for judge_sensor
    heartbeat_task.o(i.StartHeartBeatTask) refers to heartbeat_task.o(.data) for .data
    heartbeat_task.o(i.StartHeartBeatTask) refers to super.o(.data) for Super_2023
    ui_task.o(i.Start_UI_Task) refers to ui.o(i.UI_Ctrl) for UI_Ctrl
    ui_task.o(i.Start_UI_Task) refers to cmsis_os.o(i.osDelay) for osDelay
    chassic.o(i.Cal_Angle_Pid_Out) refers to rt_memclr_w.o(.text) for __aeabi_memclr4
    chassic.o(i.Cal_Angle_Pid_Out) refers to chassic.o(.data) for .data
    chassic.o(i.Cal_Angle_Pid_Out) refers to user_motor.o(.data) for MOM_motor
    chassic.o(i.Cal_Motor_Iq_Input) refers to chassic.o(.data) for .data
    chassic.o(i.Cal_Motor_Iq_Input) refers to user_motor.o(.data) for KT_motor
    chassic.o(i.Cal_Motor_Sys_Input) refers to power_limit.o(i.Chassis_Motor_Power_Limit) for Chassis_Motor_Power_Limit
    chassic.o(i.Cal_Motor_Sys_Input) refers to chassic.o(.data) for .data
    chassic.o(i.Cal_Motor_Sys_Input) refers to judge_sensor.o(.data) for judge_info
    chassic.o(i.Chas_Clear_X_Info) refers to chassic.o(.data) for .data
    chassic.o(i.Chassic_Brake_Over_Dynamic_Ctrl) refers to state.o(i.Chassic_Flag_Set) for Chassic_Flag_Set
[...]
    write_kt_motor_angle_add_Control_param   0x0800b997   Thumb Code    12  kt_motor.o(i.write_kt_motor_angle_add_Control_param)
    write_kt_motor_angle_single_Control_param 0x0800b9a3   Thumb Code     2  kt_motor.o(i.write_kt_motor_angle_single_Control_param)
    write_kt_motor_angle_sum_Control_param   0x0800b9a5   Thumb Code    12  kt_motor.o(i.write_kt_motor_angle_sum_Control_param)
    write_kt_motor_encoderOffset_param       0x0800b9b1   Thumb Code    18  kt_motor.o(i.write_kt_motor_encoderOffset_param)
    write_kt_motor_iqControl_param           0x0800b9c3   Thumb Code    26  kt_motor.o(i.write_kt_motor_iqControl_param)
    write_kt_motor_pid_param                 0x0800b9dd   Thumb Code    34  kt_motor.o(i.write_kt_motor_pid_param)
    write_kt_motor_powerControl_param        0x0800b9ff   Thumb Code    22  kt_motor.o(i.write_kt_motor_powerControl_param)
    write_kt_motor_speedControl_param        0x0800ba15   Thumb Code     8  kt_motor.o(i.write_kt_motor_speedControl_param)
    xPortStartScheduler                      0x0800ba1d   Thumb Code   224  port.o(i.xPortStartScheduler)
    xTaskCreate                              0x0800bb11   Thumb Code    90  tasks.o(i.xTaskCreate)
    xTaskCreateStatic                        0x0800bb6b   Thumb Code    90  tasks.o(i.xTaskCreateStatic)
    xTaskIncrementTick                       0x0800bbc5   Thumb Code   194  tasks.o(i.xTaskIncrementTick)
    xTaskResumeAll                           0x0800bc91   Thumb Code   182  tasks.o(i.xTaskResumeAll)
    __aeabi_d2f                              0x0800bd55   Thumb Code     0  d2f.o(x$fpl$d2f)
    _d2f                                     0x0800bd55   Thumb Code    98  d2f.o(x$fpl$d2f)
    __aeabi_dmul                             0x0800bdb9   Thumb Code     0  dmul.o(x$fpl$dmul)
    _dmul                                    0x0800bdb9   Thumb Code   332  dmul.o(x$fpl$dmul)
    __fpl_dnaninf                            0x0800bf0d   Thumb Code   156  dnaninf.o(x$fpl$dnaninf)
    __fpl_dretinf                            0x0800bfa9   Thumb Code    12  dretinf.o(x$fpl$dretinf)
    __aeabi_f2d                              0x0800bfb5   Thumb Code     0  f2d.o(x$fpl$f2d)
    _f2d                                     0x0800bfb5   Thumb Code    86  f2d.o(x$fpl$f2d)
    __aeabi_ul2f                             0x0800c00b   Thumb Code     0  ffltll_clz.o(x$fpl$ffltll)
    _ll_uto_f                                0x0800c00b   Thumb Code     6  ffltll_clz.o(x$fpl$ffltll)
    __aeabi_l2f                              0x0800c011   Thumb Code     0  ffltll_clz.o(x$fpl$ffltll)
    _ll_sto_f                                0x0800c011   Thumb Code    90  ffltll_clz.o(x$fpl$ffltll)
    __fpl_fnaninf                            0x0800c06b   Thumb Code   140  fnaninf.o(x$fpl$fnaninf)
    _fp_init                                 0x0800c0f7   Thumb Code    10  fpinit.o(x$fpl$fpinit)
    __fplib_config_fpu_vfp                   0x0800c0ff   Thumb Code     0  fpinit.o(x$fpl$fpinit)
    __fplib_config_pureend_doubles           0x0800c0ff   Thumb Code     0  fpinit.o(x$fpl$fpinit)
    __fpl_fretinf                            0x0800c101   Thumb Code    10  fretinf.o(x$fpl$fretinf)
    CRC8_TAB                                 0x0800c10a   Data         256  crc.o(.constdata)
    __I$use$fp                               0x0800c10a   Number         0  usenofp.o(x$fpl$usenofp)
    wCRC_Table                               0x0800c20a   Data         512  crc.o(.constdata)
    LQR_Sign_Buff                            0x0800c40c   Data          64  chassic.o(.constdata)
    bmi270_config_file                       0x0800c452   Data        8192  bmi270.o(.constdata)
    bmi270_feat_in                           0x0800e452   Data          51  bmi270.o(.constdata)
    bmi270_feat_out                          0x0800e485   Data          21  bmi270.o(.constdata)
    AHBPrescTable                            0x0800e530   Data          16  system_stm32f4xx.o(.constdata)
    APBPrescTable                            0x0800e540   Data           8  system_stm32f4xx.o(.constdata)
    sinTable_f32                             0x0800e548   Data        2052  commontables.o(.constdata)
    Region$$Table$$Base                      0x0800edf8   Number         0  anon$$obj.o(Region$$Table)
    Region$$Table$$Limit                     0x0800ee18   Number         0  anon$$obj.o(Region$$Table)
    CRC_INIT                                 0x20000000   Data           2  crc.o(.data)
    super_cnt                                0x20000002   Data           1  heartbeat_task.o(.data)
    brake_over                               0x20000004   Data           1  chassic.o(.data)
    Last_WS_Val                              0x20000006   Data           2  chassic.o(.data)
    This_WS_Val                              0x20000008   Data           2  chassic.o(.data)
    Leg_L_info                               0x2000000c   Data           4  chassic.o(.data)
    Leg_R_info                               0x20000010   Data           4  chassic.o(.data)
    Mom_L_info                               0x20000014   Data           4  chassic.o(.data)
    Mom_R_info                               0x20000018   Data           4  chassic.o(.data)
    M_X_param                                0x2000001c   Data           4  chassic.o(.data)
    chassic                                  0x20000020   Data         476  chassic.o(.data)
    H_C_LQR_Param                            0x200001fc   Data          32  chassic.o(.data)
    L_C_LQR_Param                            0x2000021c   Data          32  chassic.o(.data)
    L_M_LQR_Param                            0x2000023c   Data          32  chassic.o(.data)
    H_M_LQR_Param                            0x2000025c   Data          32  chassic.o(.data)
    Master                                   0x2000027c   Data          68  master_comm.o(.data)
    fail_comm_cnt                            0x200002c0   Data           1  state.o(.data)
    State                                    0x200002c4   Data          24  state.o(.data)
    i                                        0x200002dc   Data           2  ui.o(.data)
    j                                        0x200002de   Data           2  ui.o(.data)
    imu_data_true                            0x200002e0   Data           1  offline.o(.data)
    devices                                  0x200002e2   Data           2  offline.o(.data)
    err_cnt                                  0x200002e4   Data           2  offline.o(.data)
    time_this                                0x200002e8   Data           4  offline.o(.data)
    gyrox                                    0x200002ec   Data           2  imu_protocol.o(.data)
    gyroy                                    0x200002ee   Data           2  imu_protocol.o(.data)
    gyroz                                    0x200002f0   Data           2  imu_protocol.o(.data)
    accx                                     0x200002f2   Data           2  imu_protocol.o(.data)
    accy                                     0x200002f4   Data           2  imu_protocol.o(.data)
    accz                                     0x200002f6   Data           2  imu_protocol.o(.data)
    a                                        0x200002f8   Data           4  imu_protocol.o(.data)
    rate_pitch                               0x200002fc   Data           4  imu_protocol.o(.data)
    rate_yaw                                 0x20000300   Data           4  imu_protocol.o(.data)
    rate_roll                                0x20000304   Data           4  imu_protocol.o(.data)
    pitch                                    0x20000308   Data           4  imu_protocol.o(.data)
    yaw                                      0x2000030c   Data           4  imu_protocol.o(.data)
    roll                                     0x20000310   Data           4  imu_protocol.o(.data)
    gyrox_                                   0x20000314   Data           4  imu_protocol.o(.data)
    gyroy_                                   0x20000318   Data           4  imu_protocol.o(.data)
    gyroz_                                   0x2000031c   Data           4  imu_protocol.o(.data)
    accx_                                    0x20000320   Data           4  imu_protocol.o(.data)
    accy_                                    0x20000324   Data           4  imu_protocol.o(.data)
    accz_                                    0x20000328   Data           4  imu_protocol.o(.data)
    pitch_                                   0x2000032c   Data           4  imu_protocol.o(.data)
    roll_                                    0x20000330   Data           4  imu_protocol.o(.data)
    yaw_                                     0x20000334   Data           4  imu_protocol.o(.data)
    g_this                                   0x20000338   Data           4  imu_protocol.o(.data)
    g_last                                   0x2000033c   Data           4  imu_protocol.o(.data)
    Kp                                       0x20000340   Data           4  bmi.o(.data)
    halfT                                    0x20000344   Data           4  bmi.o(.data)
    q0_init                                  0x20000348   Data           4  bmi.o(.data)
    q1_init                                  0x2000034c   Data           4  bmi.o(.data)
    q2_init                                  0x20000350   Data           4  bmi.o(.data)
    q3_init                                  0x20000354   Data           4  bmi.o(.data)
    q0                                       0x20000358   Data           4  bmi.o(.data)
    q1                                       0x2000035c   Data           4  bmi.o(.data)
    q2                                       0x20000360   Data           4  bmi.o(.data)
    q3                                       0x20000364   Data           4  bmi.o(.data)
    norm                                     0x20000368   Data           4  bmi.o(.data)
    vx                                       0x2000036c   Data           4  bmi.o(.data)
    vy                                       0x20000370   Data           4  bmi.o(.data)
    vz                                       0x20000374   Data           4  bmi.o(.data)
    ex                                       0x20000378   Data           4  bmi.o(.data)
    ey                                       0x2000037c   Data           4  bmi.o(.data)
    ez                                       0x20000380   Data           4  bmi.o(.data)
    gx                                       0x20000384   Data           4  bmi.o(.data)
    gy                                       0x20000388   Data           4  bmi.o(.data)
    gz                                       0x2000038c   Data           4  bmi.o(.data)
    ax                                       0x20000390   Data           4  bmi.o(.data)
    ay                                       0x20000394   Data           4  bmi.o(.data)
    az                                       0x20000398   Data           4  bmi.o(.data)
    q0temp                                   0x2000039c   Data           4  bmi.o(.data)
    q1temp                                   0x200003a0   Data           4  bmi.o(.data)
    q2temp                                   0x200003a4   Data           4  bmi.o(.data)
    q3temp                                   0x200003a8   Data           4  bmi.o(.data)
    gx_                                      0x200003ac   Data           4  bmi.o(.data)
    gy_                                      0x200003b0   Data           4  bmi.o(.data)
    gz_                                      0x200003b4   Data           4  bmi.o(.data)
    q0_                                      0x200003b8   Data           4  bmi.o(.data)
    q1_                                      0x200003bc   Data           4  bmi.o(.data)
    q2_                                      0x200003c0   Data           4  bmi.o(.data)
    q3_                                      0x200003c4   Data           4  bmi.o(.data)
    q0temp_                                  0x200003c8   Data           4  bmi.o(.data)
    q1temp_                                  0x200003cc   Data           4  bmi.o(.data)
    q2temp_                                  0x200003d0   Data           4  bmi.o(.data)
    q3temp_                                  0x200003d4   Data           4  bmi.o(.data)
    sintemp                                  0x200003d8   Data           4  bmi.o(.data)
    sintemp_                                 0x200003dc   Data           4  bmi.o(.data)
    costemp                                  0x200003e0   Data           4  bmi.o(.data)
    costemp_                                 0x200003e4   Data           4  bmi.o(.data)
    bmi270_map_int                           0x200003e8   Data          16  bmi270.o(.data)
    btick                                    0x200003fc   Data           4  common.o(.data)
    bmi_client                               0x20000400   Data          20  imu_sensor.o(.data)
    imu_sensor                               0x20000414   Data          44  imu_sensor.o(.data)
    rs                                       0x20000440   Data           1  imu_sensor.o(.data)
    init_err_cnt                             0x20000442   Data           2  imu_sensor.o(.data)
    CH_UP                                    0x20000444   Data           4  rc_sensor.o(.data)
    CH_DOWN                                  0x20000448   Data           4  rc_sensor.o(.data)
    W_Chan                                   0x2000044c   Data           4  rc_sensor.o(.data)
    S_Chan                                   0x20000450   Data           4  rc_sensor.o(.data)
    A_Chan                                   0x20000454   Data           4  rc_sensor.o(.data)
    D_Chan                                   0x20000458   Data           4  rc_sensor.o(.data)
    Mouse_X_UPDATA                           0x2000045c   Data           4  rc_sensor.o(.data)
    Mouse_Y_UPDATA                           0x20000460   Data           4  rc_sensor.o(.data)
    Mouse_Z_UPDATA                           0x20000464   Data           4  rc_sensor.o(.data)
    Mouse_X_Last                             0x20000468   Data           4  rc_sensor.o(.data)
    Mouse_Y_Last                             0x2000046c   Data           4  rc_sensor.o(.data)
    Mouse_Z_Last                             0x20000470   Data           4  rc_sensor.o(.data)
    rc_sensor_info                           0x20000474   Data          48  rc_sensor.o(.data)
    rc_sensor                                0x200004a4   Data          28  rc_sensor.o(.data)
    KT_motor                                 0x200004c0   Data         416  user_motor.o(.data)
    MOM_motor                                0x20000660   Data        1016  user_motor.o(.data)
    angle_pid                                0x20000a58   Data          28  user_motor.o(.data)
    angle_in_pid                             0x20000a74   Data          28  user_motor.o(.data)
    uart_thread                              0x20000a91   Data           1  tof_sensor.o(.data)
    tof_F_tx_buf                             0x20000a92   Data           8  tof_sensor.o(.data)
    tof_B_tx_buf                             0x20000a9a   Data           8  tof_sensor.o(.data)
    TOF_Sensor                               0x20000aa4   Data         112  tof_sensor.o(.data)
    judge_info                               0x20000b14   Data         192  judge_sensor.o(.data)
    judge_sensor                             0x20000bd4   Data          36  judge_sensor.o(.data)
    cap_data_0x2E                            0x20000bf8   Data           8  super.o(.data)
    cap_data_0x2F                            0x20000c00   Data           8  super.o(.data)
    Super_2023                               0x20000c08   Data          44  super.o(.data)
    dev_list                                 0x20000c34   Data           8  device.o(.data)
    defaultTaskHandle                        0x20000c3c   Data           4  freertos.o(.data)
    heartbeatTaskHandle                      0x20000c40   Data           4  freertos.o(.data)
    controlTaskHandle                        0x20000c44   Data           4  freertos.o(.data)
    Super_TaskHandle                         0x20000c48   Data           4  freertos.o(.data)
    UI_TaskHandle                            0x20000c4c   Data           4  freertos.o(.data)
    uwTickFreq                               0x20000c54   Data           1  stm32f4xx_hal.o(.data)
    uwTickPrio                               0x20000c58   Data           4  stm32f4xx_hal.o(.data)
    uwTick                                   0x20000c5c   Data           4  stm32f4xx_hal.o(.data)
    SystemCoreClock                          0x20000c60   Data           4  system_stm32f4xx.o(.data)
    pxCurrentTCB                             0x20000c64   Data           4  tasks.o(.data)
    UI_Data                                  0x20000ccc   Data         232  ui.o(.bss)
    Tx_Client_Buf                            0x20000db4   Data         200  ui.o(.bss)
    Tx_Client_Tmp_Buf                        0x20000e7c   Data          13  ui.o(.bss)
    imu_pitch_dif_speed_ave_filter           0x20000e8c   Data         132  imu_protocol.o(.bss)
    imu_roll_dif_speed_ave_filter            0x20000f10   Data         132  imu_protocol.o(.bss)
    imu_yaw_dif_speed_ave_filter             0x20000f94   Data         132  imu_protocol.o(.bss)
    rx                                       0x20001018   Data          16  tof_protocol.o(.bss)
    imu_info                                 0x20001028   Data          76  imu_sensor.o(.bss)
    bmi270                                   0x20001078   Data         104  imu_sensor.o(.bss)
    keyboard                                 0x200010e0   Data         396  rc_sensor.o(.bss)
    hcan1RxFrame                             0x2000126c   Data          36  drv_can.o(.bss)
    hcan2RxFrame                             0x20001290   Data          36  drv_can.o(.bss)
    usart1_dma_rxbuf                         0x200012b4   Data         200  drv_uart.o(.bss)
    usart2_dma_rxbuf                         0x2000137c   Data          48  drv_uart.o(.bss)
    usart3_dma_rxbuf                         0x200013ac   Data         200  drv_uart.o(.bss)
    usart4_dma_rxbuf                         0x20001474   Data         100  drv_uart.o(.bss)
    usart5_dma_rxbuf                         0x200014d8   Data         200  drv_uart.o(.bss)
    hcan1                                    0x200017f4   Data          40  can.o(.bss)
    hcan2                                    0x2000181c   Data          40  can.o(.bss)
    hspi2                                    0x20001844   Data          88  spi.o(.bss)
    htim4                                    0x2000189c   Data          72  tim.o(.bss)
    huart4                                   0x200018e4   Data          68  usart.o(.bss)
    huart5                                   0x20001928   Data          68  usart.o(.bss)
    huart1                                   0x2000196c   Data          68  usart.o(.bss)
    huart2                                   0x200019b0   Data          68  usart.o(.bss)
    huart3                                   0x200019f4   Data          68  usart.o(.bss)
    hdma_uart4_rx                            0x20001a38   Data          96  usart.o(.bss)
    hdma_uart4_tx                            0x20001a98   Data          96  usart.o(.bss)
    hdma_uart5_rx                            0x20001af8   Data          96  usart.o(.bss)
    hdma_uart5_tx                            0x20001b58   Data          96  usart.o(.bss)
    hdma_usart1_rx                           0x20001bb8   Data          96  usart.o(.bss)
    hdma_usart1_tx                           0x20001c18   Data          96  usart.o(.bss)
    hdma_usart2_rx                           0x20001c78   Data          96  usart.o(.bss)
    hdma_usart3_rx                           0x20001cd8   Data          96  usart.o(.bss)
    hdma_usart3_tx                           0x20001d38   Data          96  usart.o(.bss)
    htim2                                    0x20001d98   Data          72  stm32f4xx_hal_timebase_tim.o(.bss)
    __libspace_start                         0x20005ad0   Data          96  libspace.o(.bss)
    __temporary_stack_top$libspace           0x20005b30   Data           0  libspace.o(.bss)



==============================================================================

Memory Map of the image

  Image Entry point : 0x08000189

  Load Region LR_IROM1 (Base: 0x08000000, Size: 0x0000fae4, Max: 0x00080000, ABSOLUTE, COMPRESSED[0x0000efa0])

    Execution Region ER_IROM1 (Exec base: 0x08000000, Load base: 0x08000000, Size: 0x0000ee18, Max: 0x00080000, ABSOLUTE)

    Exec Addr    Load Addr    Size         Type   Attr      Idx    E Section Name        Object

    0x08000000   0x08000000   0x00000188   Data   RO         3842    RESET               startup_stm32f407xx.o
    0x08000188   0x08000188   0x00000008   Code   RO        14645  * !!!main             c_w.l(__main.o)
    0x08000190   0x08000190   0x00000034   Code   RO        15029    !!!scatter          c_w.l(__scatter.o)
    0x080001c4   0x080001c4   0x0000005a   Code   RO        15027    !!dczerorl2         c_w.l(__dczerorl2.o)
    0x0800021e   0x0800021e   0x00000002   PAD
    0x08000220   0x08000220   0x0000001c   Code   RO        15031    !!handler_zi        c_w.l(__scatter_zi.o)
    0x0800023c   0x0800023c   0x00000002   Code   RO        14898    .ARM.Collect$$libinit$$00000000  c_w.l(libinit.o)
    0x0800023e   0x0800023e   0x00000004   Code   RO        14907    .ARM.Collect$$libinit$$00000001  c_w.l(libinit2.o)
    0x08000242   0x08000242   0x00000000   Code   RO        14910    .ARM.Collect$$libinit$$00000004  c_w.l(libinit2.o)
    0x08000242   0x08000242   0x00000000   Code   RO        14913    .ARM.Collect$$libinit$$0000000A  c_w.l(libinit2.o)
    0x08000242   0x08000242   0x00000000   Code   RO        14915    .ARM.Collect$$libinit$$0000000C  c_w.l(libinit2.o)
    0x08000242   0x08000242   0x00000000   Code   RO        14917    .ARM.Collect$$libinit$$0000000E  c_w.l(libinit2.o)
    0x08000242   0x08000242   0x00000000   Code   RO        14920    .ARM.Collect$$libinit$$00000011  c_w.l(libinit2.o)
    0x08000242   0x08000242   0x00000000   Code   RO        14922    .ARM.Collect$$libinit$$00000013  c_w.l(libinit2.o)
    0x08000242   0x08000242   0x00000000   Code   RO        14924    .ARM.Collect$$libinit$$00000015  c_w.l(libinit2.o)
    0x08000242   0x08000242   0x00000000   Code   RO        14926    .ARM.Collect$$libinit$$00000017  c_w.l(libinit2.o)
    0x08000242   0x08000242   0x00000000   Code   RO        14928    .ARM.Collect$$libinit$$00000019  c_w.l(libinit2.o)
    0x08000242   0x08000242   0x00000000   Code   RO        14930    .ARM.Collect$$libinit$$0000001B  c_w.l(libinit2.o)
    0x08000242   0x08000242   0x00000000   Code   RO        14932    .ARM.Collect$$libinit$$0000001D  c_w.l(libinit2.o)
    0x08000242   0x08000242   0x00000000   Code   RO        14934    .ARM.Collect$$libinit$$0000001F  c_w.l(libinit2.o)
    0x08000242   0x08000242   0x00000000   Code   RO        14936    .ARM.Collect$$libinit$$00000021  c_w.l(libinit2.o)
    0x08000242   0x08000242   0x00000000   Code   RO        14938    .ARM.Collect$$libinit$$00000023  c_w.l(libinit2.o)
    0x08000242   0x08000242   0x00000000   Code   RO        14940    .ARM.Collect$$libinit$$00000025  c_w.l(libinit2.o)
    0x08000242   0x08000242   0x00000000   Code   RO        14944    .ARM.Collect$$libinit$$0000002C  c_w.l(libinit2.o)
    0x08000242   0x08000242   0x00000000   Code   RO        14946    .ARM.Collect$$libinit$$0000002E  c_w.l(libinit2.o)
    0x08000242   0x08000242   0x00000000   Code   RO        14948    .ARM.Collect$$libinit$$00000030  c_w.l(libinit2.o)
    0x08000242   0x08000242   0x00000000   Code   RO        14950    .ARM.Collect$$libinit$$00000032  c_w.l(libinit2.o)
    0x08000242   0x08000242   0x00000002   Code   RO        14951    .ARM.Collect$$libinit$$00000033  c_w.l(libinit2.o)
    0x08000244   0x08000244   0x00000002   Code   RO        14982    .ARM.Collect$$libshutdown$$00000000  c_w.l(libshutdown.o)
    0x08000246   0x08000246   0x00000000   Code   RO        15008    .ARM.Collect$$libshutdown$$00000002  c_w.l(libshutdown2.o)
    0x08000246   0x08000246   0x00000000   Code   RO        15010    .ARM.Collect$$libshutdown$$00000004  c_w.l(libshutdown2.o)
    0x08000246   0x08000246   0x00000000   Code   RO        15012    .ARM.Collect$$libshutdown$$00000006  c_w.l(libshutdown2.o)
    0x08000246   0x08000246   0x00000000   Code   RO        15015    .ARM.Collect$$libshutdown$$00000009  c_w.l(libshutdown2.o)
    0x08000246   0x08000246   0x00000000   Code   RO        15018    .ARM.Collect$$libshutdown$$0000000C  c_w.l(libshutdown2.o)
    0x08000246   0x08000246   0x00000000   Code   RO        15020    .ARM.Collect$$libshutdown$$0000000E  c_w.l(libshutdown2.o)
    0x08000246   0x08000246   0x00000000   Code   RO        15023    .ARM.Collect$$libshutdown$$00000011  c_w.l(libshutdown2.o)
    0x08000246   0x08000246   0x00000002   Code   RO        15024    .ARM.Collect$$libshutdown$$00000012  c_w.l(libshutdown2.o)
    0x08000248   0x08000248   0x00000000   Code   RO        14803    .ARM.Collect$$rtentry$$00000000  c_w.l(__rtentry.o)
    0x08000248   0x08000248   0x00000000   Code   RO        14861    .ARM.Collect$$rtentry$$00000002  c_w.l(__rtentry2.o)
    0x08000248   0x08000248   0x00000006   Code   RO        14873    .ARM.Collect$$rtentry$$00000004  c_w.l(__rtentry4.o)
    0x0800024e   0x0800024e   0x00000000   Code   RO        14863    .ARM.Collect$$rtentry$$00000009  c_w.l(__rtentry2.o)
    0x0800024e   0x0800024e   0x00000004   Code   RO        14864    .ARM.Collect$$rtentry$$0000000A  c_w.l(__rtentry2.o)
    0x08000252   0x08000252   0x00000000   Code   RO        14866    .ARM.Collect$$rtentry$$0000000C  c_w.l(__rtentry2.o)
    0x08000252   0x08000252   0x00000008   Code   RO        14867    .ARM.Collect$$rtentry$$0000000D  c_w.l(__rtentry2.o)
    0x0800025a   0x0800025a   0x00000002   Code   RO        14899    .ARM.Collect$$rtexit$$00000000  c_w.l(rtexit.o)
    0x0800025c   0x0800025c   0x00000000   Code   RO        14955    .ARM.Collect$$rtexit$$00000002  c_w.l(rtexit2.o)
    0x0800025c   0x0800025c   0x00000004   Code   RO        14956    .ARM.Collect$$rtexit$$00000003  c_w.l(rtexit2.o)
    0x08000260   0x08000260   0x00000006   Code   RO        14957    .ARM.Collect$$rtexit$$00000004  c_w.l(rtexit2.o)
    0x08000266   0x08000266   0x00000002   PAD
    0x08000268   0x08000268   0x000000be   Code   RO         8813    .emb_text           port.o
    0x08000326   0x08000326   0x00000002   PAD
    0x08000328   0x08000328   0x00000040   Code   RO         3843    .text               startup_stm32f407xx.o
    0x08000368   0x08000368   0x000000ee   Code   RO        14625    .text               c_w.l(lludivv7m.o)
    0x08000456   0x08000456   0x0000008a   Code   RO        14633    .text               c_w.l(rt_memcpy_v6.o)
    0x080004e0   0x080004e0   0x00000064   Code   RO        14635    .text               c_w.l(rt_memcpy_w.o)
    0x08000544   0x08000544   0x00000044   Code   RO        14639    .text               c_w.l(rt_memclr.o)
    0x08000588   0x08000588   0x0000004e   Code   RO        14641    .text               c_w.l(rt_memclr_w.o)
    0x080005d6   0x080005d6   0x00000006   Code   RO        14643    .text               c_w.l(heapauxi.o)
    0x080005dc   0x080005dc   0x00000008   Code   RO        14882    .text               c_w.l(libspace.o)
    0x080005e4   0x080005e4   0x0000004a   Code   RO        14885    .text               c_w.l(sys_stackheap_outer.o)
    0x0800062e   0x0800062e   0x00000012   Code   RO        14887    .text               c_w.l(exit.o)
    0x08000640   0x08000640   0x0000000c   Code   RO        14952    .text               c_w.l(sys_exit.o)
    0x0800064c   0x0800064c   0x00000002   Code   RO        14971    .text               c_w.l(use_no_semi.o)
    0x0800064e   0x0800064e   0x00000000   Code   RO        14973    .text               c_w.l(indicate_semi.o)
    0x0800064e   0x0800064e   0x00000002   PAD
    0x08000650   0x08000650   0x00000050   Code   RO         2873    i.AD_Channel        rc_sensor.o
    0x080006a0   0x080006a0   0x0000001c   Code   RO         3086    i.ALL_TOF_Sensor_HeartBeat  tof_sensor.o
    0x080006bc   0x080006bc   0x00000034   Code   RO         3043    i.All_motor_heartbeat  user_motor.o
    0x080006f0   0x080006f0   0x00000028   Code   RO          423    i.Append_CRC16_Check_Sum  crc.o
    0x08000718   0x08000718   0x00000020   Code   RO          424    i.Append_CRC8_Check_Sum  crc.o
    0x08000738   0x08000738   0x00000180   Code   RO         1677    i.BMI_Get_Acceleration  bmi.o
    0x080008b8   0x080008b8   0x000005d4   Code   RO         1678    i.BMI_Get_EulerAngle  bmi.o
    0x08000e8c   0x08000e8c   0x00000048   Code   RO         1679    i.BMI_Get_RawData   bmi.o
    0x08000ed4   0x08000ed4   0x00000002   Code   RO         4275    i.BusFault_Handler  stm32f4xx_it.o
    0x08000ed6   0x08000ed6   0x00000002   PAD
    0x08000ed8   0x08000ed8   0x0000000c   Code   RO         4276    i.CAN1_RX0_IRQHandler  stm32f4xx_it.o
    0x08000ee4   0x08000ee4   0x0000004c   Code   RO         3576    i.CAN1_Send_With_int16_to_uint8  drv_can.o
    0x08000f30   0x08000f30   0x00000028   Code   RO         1473    i.CAN1_rxDataHandler  can_protocol.o
    0x08000f58   0x08000f58   0x0000000c   Code   RO         4277    i.CAN2_RX0_IRQHandler  stm32f4xx_it.o
    0x08000f64   0x08000f64   0x0000004c   Code   RO         3578    i.CAN2_Send_With_int16_to_uint8  drv_can.o
    0x08000fb0   0x08000fb0   0x00000050   Code   RO         1474    i.CAN2_rxDataHandler  can_protocol.o
    0x08001000   0x08001000   0x00000064   Code   RO         3580    i.CAN_Filter_Init   drv_can.o
    0x08001064   0x08001064   0x00000038   Code   RO         3581    i.CAN_SendData      drv_can.o
    0x0800109c   0x0800109c   0x0000005c   Code   RO         1638    i.CAP_rxDataHandler  cap_protocol.o
    0x080010f8   0x080010f8   0x000000ec   Code   RO          785    i.Cal_Motor_Iq_Input  chassic.o
    0x080011e4   0x080011e4   0x00000308   Code   RO          786    i.Cal_Motor_Sys_Input  chassic.o
    0x080014ec   0x080014ec   0x00000024   Code   RO         1300    i.Cap_Offline_Handler  offline.o
    0x08001510   0x08001510   0x00000034   Code   RO          787    i.Chas_Clear_X_Info  chassic.o
    0x08001544   0x08001544   0x00000154   Code   RO          789    i.Chassic_Brake_Over_Dynamic_Ctrl  chassic.o
    0x08001698   0x08001698   0x00000044   Code   RO          790    i.Chassic_Ctrl      chassic.o
    0x080016dc   0x080016dc   0x00000090   Code   RO         1092    i.Chassic_Flag_Set  state.o
    0x0800176c   0x0800176c   0x00000064   Code   RO          792    i.Chassic_Gesture_TOF_Meas_UP  chassic.o
    0x080017d0   0x080017d0   0x00000058   Code   RO          793    i.Chassic_In_RC_OFFLINE_Handler  chassic.o
    0x08001828   0x08001828   0x00000110   Code   RO          795    i.Chassic_Sim       chassic.o
    0x08001938   0x08001938   0x00000060   Code   RO          796    i.Chassic_Status_Err_UP  chassic.o
    0x08001998   0x08001998   0x0000020c   Code   RO          797    i.Chassic_Status_Meas_UP  chassic.o
    0x08001ba4   0x08001ba4   0x000007dc   Code   RO          798    i.Chassic_Status_Tar_UP  chassic.o
    0x08002380   0x08002380   0x00000020   Code   RO          799    i.Chassic_Status_UP  chassic.o
    0x080023a0   0x080023a0   0x0000006c   Code   RO          800    i.Chassic_Stop      chassic.o
    0x0800240c   0x0800240c   0x00000060   Code   RO          801    i.Chassic_Sys_Input_Cal  chassic.o
    0x0800246c   0x0800246c   0x00000028   Code   RO          802    i.Chassic_Sys_Input_Tx  chassic.o
    0x08002494   0x08002494   0x00000020   Code   RO          805    i.Chassic_Yaw_Motor_Angle_Standard  chassic.o
    0x080024b4   0x080024b4   0x00000044   Code   RO          484    i.Chassis_Motor_Power_Limit  power_limit.o
    0x080024f8   0x080024f8   0x00000024   Code   RO         1301    i.Comm_Offline_Handler  offline.o
    0x0800251c   0x0800251c   0x00000098   Code   RO         1005    i.Comm_UP_Chassic_Flag_Handler  master_comm.o
    0x080025b4   0x080025b4   0x00000014   Code   RO         1006    i.Comm_UP_RC_Flag_Handler  master_comm.o
    0x080025c8   0x080025c8   0x0000001c   Code   RO         3239    i.DEVICE_Init       device.o
    0x080025e4   0x080025e4   0x0000000c   Code   RO         4278    i.DMA1_Stream0_IRQHandler  stm32f4xx_it.o
    0x080025f0   0x080025f0   0x0000000c   Code   RO         4279    i.DMA1_Stream1_IRQHandler  stm32f4xx_it.o
    0x080025fc   0x080025fc   0x0000000c   Code   RO         4280    i.DMA1_Stream2_IRQHandler  stm32f4xx_it.o
    0x08002608   0x08002608   0x0000000c   Code   RO         4281    i.DMA1_Stream3_IRQHandler  stm32f4xx_it.o
    0x08002614   0x08002614   0x0000000c   Code   RO         4282    i.DMA1_Stream4_IRQHandler  stm32f4xx_it.o
    0x08002620   0x08002620   0x0000000c   Code   RO         4283    i.DMA1_Stream5_IRQHandler  stm32f4xx_it.o
    0x0800262c   0x0800262c   0x0000000c   Code   RO         4284    i.DMA1_Stream7_IRQHandler  stm32f4xx_it.o
    0x08002638   0x08002638   0x0000000c   Code   RO         4285    i.DMA2_Stream2_IRQHandler  stm32f4xx_it.o
    0x08002644   0x08002644   0x0000000c   Code   RO         4286    i.DMA2_Stream7_IRQHandler  stm32f4xx_it.o
    0x08002650   0x08002650   0x00000244   Code   RO         3730    i.DMAEx_MultiBufferStart_NoIT  drv_uart.o
    0x08002894   0x08002894   0x00000028   Code   RO         5203    i.DMA_CalcBaseAndBitshift  stm32f4xx_hal_dma.o
    0x080028bc   0x080028bc   0x00000054   Code   RO         5204    i.DMA_CheckFifoParam  stm32f4xx_hal_dma.o
    0x08002910   0x08002910   0x00000028   Code   RO         5205    i.DMA_SetConfig     stm32f4xx_hal_dma.o
    0x08002938   0x08002938   0x00000062   Code   RO         3731    i.DMA_Start         drv_uart.o
    0x0800299a   0x0800299a   0x00000002   PAD
    0x0800299c   0x0800299c   0x00000040   Code   RO         3534    i.DRIVER_Init       driver.o
    0x080029dc   0x080029dc   0x00000014   Code   RO         3732    i.DRV_UART_IRQHandler  drv_uart.o
    0x080029f0   0x080029f0   0x00000022   Code   RO            4    i.DeathZoom         rp_math.o
    0x08002a12   0x08002a12   0x00000002   Code   RO         4287    i.DebugMon_Handler  stm32f4xx_it.o
    0x08002a14   0x08002a14   0x00000108   Code   RO         1589    i.Determine_ID      judge_potocol.o
    0x08002b1c   0x08002b1c   0x000000a0   Code   RO         1171    i.Draw_Firgue       ui.o
    0x08002bbc   0x08002bbc   0x00000004   Code   RO         3850    i.Error_Handler     main.o
    0x08002bc0   0x08002bc0   0x00000038   Code   RO            5    i.Float_ZeroManage  rp_math.o
    0x08002bf8   0x08002bf8   0x0000002c   Code   RO          425    i.Get_CRC16_Check_Sum  crc.o
    0x08002c24   0x08002c24   0x0000001c   Code   RO          426    i.Get_CRC8_Check_Sum  crc.o
    0x08002c40   0x08002c40   0x00000024   Code   RO         4511    i.HAL_CAN_ActivateNotification  stm32f4xx_hal_can.o
    0x08002c64   0x08002c64   0x000000dc   Code   RO         4512    i.HAL_CAN_AddTxMessage  stm32f4xx_hal_can.o
    0x08002d40   0x08002d40   0x0000010c   Code   RO         4513    i.HAL_CAN_ConfigFilter  stm32f4xx_hal_can.o
    0x08002e4c   0x08002e4c   0x00000002   Code   RO         4516    i.HAL_CAN_ErrorCallback  stm32f4xx_hal_can.o
    0x08002e4e   0x08002e4e   0x000000e8   Code   RO         4519    i.HAL_CAN_GetRxMessage  stm32f4xx_hal_can.o
    0x08002f36   0x08002f36   0x000001fc   Code   RO         4523    i.HAL_CAN_IRQHandler  stm32f4xx_hal_can.o
    0x08003132   0x08003132   0x0000011a   Code   RO         4524    i.HAL_CAN_Init      stm32f4xx_hal_can.o
    0x0800324c   0x0800324c   0x000000f8   Code   RO         4023    i.HAL_CAN_MspInit   can.o
    0x08003344   0x08003344   0x00000002   Code   RO         4531    i.HAL_CAN_RxFifo0FullCallback  stm32f4xx_hal_can.o
    0x08003346   0x08003346   0x00000002   PAD
    0x08003348   0x08003348   0x00000054   Code   RO         3582    i.HAL_CAN_RxFifo0MsgPendingCallback  drv_can.o
    0x0800339c   0x0800339c   0x00000002   Code   RO         4533    i.HAL_CAN_RxFifo1FullCallback  stm32f4xx_hal_can.o
    0x0800339e   0x0800339e   0x00000002   Code   RO         4534    i.HAL_CAN_RxFifo1MsgPendingCallback  stm32f4xx_hal_can.o
    0x080033a0   0x080033a0   0x00000002   Code   RO         4535    i.HAL_CAN_SleepCallback  stm32f4xx_hal_can.o
    0x080033a2   0x080033a2   0x00000056   Code   RO         4536    i.HAL_CAN_Start     stm32f4xx_hal_can.o
    0x080033f8   0x080033f8   0x00000002   Code   RO         4538    i.HAL_CAN_TxMailbox0AbortCallback  stm32f4xx_hal_can.o
    0x080033fa   0x080033fa   0x00000002   Code   RO         4539    i.HAL_CAN_TxMailbox0CompleteCallback  stm32f4xx_hal_can.o
    0x080033fc   0x080033fc   0x00000002   Code   RO         4540    i.HAL_CAN_TxMailbox1AbortCallback  stm32f4xx_hal_can.o
    0x080033fe   0x080033fe   0x00000002   Code   RO         4541    i.HAL_CAN_TxMailbox1CompleteCallback  stm32f4xx_hal_can.o
    0x08003400   0x08003400   0x00000002   Code   RO         4542    i.HAL_CAN_TxMailbox2AbortCallback  stm32f4xx_hal_can.o
    0x08003402   0x08003402   0x00000002   Code   RO         4543    i.HAL_CAN_TxMailbox2CompleteCallback  stm32f4xx_hal_can.o
    0x08003404   0x08003404   0x00000002   Code   RO         4545    i.HAL_CAN_WakeUpFromRxMsgCallback  stm32f4xx_hal_can.o
    0x08003406   0x08003406   0x00000092   Code   RO         5206    i.HAL_DMA_Abort     stm32f4xx_hal_dma.o
    0x08003498   0x08003498   0x00000024   Code   RO         5207    i.HAL_DMA_Abort_IT  stm32f4xx_hal_dma.o
    0x080034bc   0x080034bc   0x000001a0   Code   RO         5211    i.HAL_DMA_IRQHandler  stm32f4xx_hal_dma.o
    0x0800365c   0x0800365c   0x000000d4   Code   RO         5212    i.HAL_DMA_Init      stm32f4xx_hal_dma.o
    0x08003730   0x08003730   0x0000006e   Code   RO         5216    i.HAL_DMA_Start_IT  stm32f4xx_hal_dma.o
    0x0800379e   0x0800379e   0x00000002   PAD
    0x080037a0   0x080037a0   0x00000024   Code   RO         5625    i.HAL_Delay         stm32f4xx_hal.o
    0x080037c4   0x080037c4   0x000001d0   Code   RO         5099    i.HAL_GPIO_Init     stm32f4xx_hal_gpio.o
    0x08003994   0x08003994   0x0000000a   Code   RO         5103    i.HAL_GPIO_WritePin  stm32f4xx_hal_gpio.o
    0x0800399e   0x0800399e   0x00000002   PAD
    0x080039a0   0x080039a0   0x0000000c   Code   RO         5631    i.HAL_GetTick       stm32f4xx_hal.o
    0x080039ac   0x080039ac   0x00000010   Code   RO         5637    i.HAL_IncTick       stm32f4xx_hal.o
    0x080039bc   0x080039bc   0x00000034   Code   RO         5638    i.HAL_Init          stm32f4xx_hal.o
    0x080039f0   0x080039f0   0x00000098   Code   RO         4471    i.HAL_InitTick      stm32f4xx_hal_timebase_tim.o
    0x08003a88   0x08003a88   0x00000038   Code   RO         4447    i.HAL_MspInit       stm32f4xx_hal_msp.o
    0x08003ac0   0x08003ac0   0x0000001a   Code   RO         5488    i.HAL_NVIC_EnableIRQ  stm32f4xx_hal_cortex.o
    0x08003ada   0x08003ada   0x00000002   PAD
    0x08003adc   0x08003adc   0x00000040   Code   RO         5494    i.HAL_NVIC_SetPriority  stm32f4xx_hal_cortex.o
    0x08003b1c   0x08003b1c   0x00000024   Code   RO         5495    i.HAL_NVIC_SetPriorityGrouping  stm32f4xx_hal_cortex.o
    0x08003b40   0x08003b40   0x00000134   Code   RO         4745    i.HAL_RCC_ClockConfig  stm32f4xx_hal_rcc.o
    0x08003c74   0x08003c74   0x00000040   Code   RO         4749    i.HAL_RCC_GetClockConfig  stm32f4xx_hal_rcc.o
    0x08003cb4   0x08003cb4   0x00000020   Code   RO         4752    i.HAL_RCC_GetPCLK1Freq  stm32f4xx_hal_rcc.o
    0x08003cd4   0x08003cd4   0x00000020   Code   RO         4753    i.HAL_RCC_GetPCLK2Freq  stm32f4xx_hal_rcc.o
    0x08003cf4   0x08003cf4   0x00000064   Code   RO         4754    i.HAL_RCC_GetSysClockFreq  stm32f4xx_hal_rcc.o
    0x08003d58   0x08003d58   0x00000358   Code   RO         4757    i.HAL_RCC_OscConfig  stm32f4xx_hal_rcc.o
    0x080040b0   0x080040b0   0x00000002   Code   RO         5913    i.HAL_SPI_ErrorCallback  stm32f4xx_hal_spi.o
    0x080040b2   0x080040b2   0x00000002   PAD
    0x080040b4   0x080040b4   0x000000fc   Code   RO         5916    i.HAL_SPI_IRQHandler  stm32f4xx_hal_spi.o
    0x080041b0   0x080041b0   0x000000bc   Code   RO         5917    i.HAL_SPI_Init      stm32f4xx_hal_spi.o
    0x0800426c   0x0800426c   0x0000007c   Code   RO         4126    i.HAL_SPI_MspInit   spi.o
    0x080042e8   0x080042e8   0x00000154   Code   RO         5920    i.HAL_SPI_Receive   stm32f4xx_hal_spi.o
    0x0800443c   0x0800443c   0x0000016a   Code   RO         5925    i.HAL_SPI_Transmit  stm32f4xx_hal_spi.o
    0x080045a6   0x080045a6   0x000001da   Code   RO         5926    i.HAL_SPI_TransmitReceive  stm32f4xx_hal_spi.o
    0x08004780   0x08004780   0x00000002   Code   RO         6934    i.HAL_TIMEx_BreakCallback  stm32f4xx_hal_tim_ex.o
    0x08004782   0x08004782   0x00000002   Code   RO         6935    i.HAL_TIMEx_CommutCallback  stm32f4xx_hal_tim_ex.o
    0x08004784   0x08004784   0x00000090   Code   RO         6953    i.HAL_TIMEx_MasterConfigSynchronization  stm32f4xx_hal_tim_ex.o
    0x08004814   0x08004814   0x0000005a   Code   RO         6230    i.HAL_TIM_Base_Init  stm32f4xx_hal_tim.o
    0x0800486e   0x0800486e   0x00000002   PAD
    0x08004870   0x08004870   0x0000003c   Code   RO         4168    i.HAL_TIM_Base_MspInit  tim.o
    0x080048ac   0x080048ac   0x00000080   Code   RO         6235    i.HAL_TIM_Base_Start_IT  stm32f4xx_hal_tim.o
    0x0800492c   0x0800492c   0x000000dc   Code   RO         6239    i.HAL_TIM_ConfigClockSource  stm32f4xx_hal_tim.o
    0x08004a08   0x08004a08   0x00000002   Code   RO         6264    i.HAL_TIM_IC_CaptureCallback  stm32f4xx_hal_tim.o
    0x08004a0a   0x08004a0a   0x00000166   Code   RO         6278    i.HAL_TIM_IRQHandler  stm32f4xx_hal_tim.o
    0x08004b70   0x08004b70   0x00000002   Code   RO         6281    i.HAL_TIM_OC_DelayElapsedCallback  stm32f4xx_hal_tim.o
    0x08004b72   0x08004b72   0x00000002   Code   RO         6308    i.HAL_TIM_PWM_PulseFinishedCallback  stm32f4xx_hal_tim.o
    0x08004b74   0x08004b74   0x0000002c   Code   RO         3851    i.HAL_TIM_PeriodElapsedCallback  main.o
    0x08004ba0   0x08004ba0   0x00000002   Code   RO         6321    i.HAL_TIM_TriggerCallback  stm32f4xx_hal_tim.o
    0x08004ba2   0x08004ba2   0x00000002   Code   RO         7212    i.HAL_UARTEx_RxEventCallback  stm32f4xx_hal_uart.o
    0x08004ba4   0x08004ba4   0x00000002   Code   RO         7226    i.HAL_UART_ErrorCallback  stm32f4xx_hal_uart.o
    0x08004ba6   0x08004ba6   0x00000002   PAD
    0x08004ba8   0x08004ba8   0x00000268   Code   RO         7229    i.HAL_UART_IRQHandler  stm32f4xx_hal_uart.o
    0x08004e10   0x08004e10   0x00000062   Code   RO         7230    i.HAL_UART_Init     stm32f4xx_hal_uart.o
    0x08004e72   0x08004e72   0x00000002   PAD
    0x08004e74   0x08004e74   0x00000420   Code   RO         4210    i.HAL_UART_MspInit  usart.o
    0x08005294   0x08005294   0x00000002   Code   RO         7236    i.HAL_UART_RxCpltCallback  stm32f4xx_hal_uart.o
    0x08005296   0x08005296   0x00000002   PAD
    0x08005298   0x08005298   0x0000008c   Code   RO         7239    i.HAL_UART_Transmit_DMA  stm32f4xx_hal_uart.o
    0x08005324   0x08005324   0x00000002   Code   RO         7241    i.HAL_UART_TxCpltCallback  stm32f4xx_hal_uart.o
    0x08005326   0x08005326   0x00000002   Code   RO         7242    i.HAL_UART_TxHalfCpltCallback  stm32f4xx_hal_uart.o
    0x08005328   0x08005328   0x0000002c   Code   RO         4288    i.HardFault_Handler  stm32f4xx_it.o
    0x08005354   0x08005354   0x000000fc   Code   RO         1302    i.IMU_Offline_Handler  offline.o
    0x08005450   0x08005450   0x0000001c   Code   RO            6    i.Int_ZeroManage    rp_math.o
    0x0800546c   0x0800546c   0x00000024   Code   RO         1303    i.Judge_Sensor_Offline_Handler  offline.o
    0x08005490   0x08005490   0x0000004c   Code   RO         1304    i.KT_Motor_Offline_Handler  offline.o
    0x080054dc   0x080054dc   0x0000002e   Code   RO         3273    i.KT_motor_class_heartbeat  kt_motor.o
    0x0800550a   0x0800550a   0x00000002   PAD
    0x0800550c   0x0800550c   0x000000b8   Code   RO         3274    i.KT_motor_class_init  kt_motor.o
    0x080055c4   0x080055c4   0x00000020   Code   RO         3044    i.KT_motor_init     user_motor.o
    0x080055e4   0x080055e4   0x00000090   Code   RO         2876    i.Key_Channel_Update  rc_sensor.o
    0x08005674   0x08005674   0x00000074   Code   RO         1372    i.LED_Task          led.o
    0x080056e8   0x080056e8   0x000000b0   Code   RO          807    i.LQR_Param_UP      chassic.o
    0x08005798   0x08005798   0x0000000c   Code   RO         1096    i.Link_RC_State_UP_Handler  state.o
    0x080057a4   0x080057a4   0x00000068   Code   RO         1680    i.MPU_Read_all      bmi.o
    0x0800580c   0x0800580c   0x00000048   Code   RO         4024    i.MX_CAN1_Init      can.o
    0x08005854   0x08005854   0x00000048   Code   RO         4025    i.MX_CAN2_Init      can.o
    0x0800589c   0x0800589c   0x000000bc   Code   RO         4071    i.MX_DMA_Init       dma.o
    0x08005958   0x08005958   0x00000080   Code   RO         3956    i.MX_FREERTOS_Init  freertos.o
    0x080059d8   0x080059d8   0x000000b8   Code   RO         3932    i.MX_GPIO_Init      gpio.o
    0x08005a90   0x08005a90   0x00000048   Code   RO         4127    i.MX_SPI2_Init      spi.o
    0x08005ad8   0x08005ad8   0x00000068   Code   RO         4169    i.MX_TIM4_Init      tim.o
    0x08005b40   0x08005b40   0x00000038   Code   RO         4211    i.MX_UART4_Init     usart.o
    0x08005b78   0x08005b78   0x00000038   Code   RO         4212    i.MX_UART5_Init     usart.o
    0x08005bb0   0x08005bb0   0x0000003c   Code   RO         4213    i.MX_USART1_UART_Init  usart.o
    0x08005bec   0x08005bec   0x00000040   Code   RO         4214    i.MX_USART2_UART_Init  usart.o
    0x08005c2c   0x08005c2c   0x00000038   Code   RO         4215    i.MX_USART3_UART_Init  usart.o
    0x08005c64   0x08005c64   0x00000034   Code   RO         1007    i.Master_Comm_Heart_Beat  master_comm.o
    0x08005c98   0x08005c98   0x00000004   Code   RO         1008    i.Master_Ctrl       master_comm.o
    0x08005c9c   0x08005c9c   0x00000012   Code   RO         1009    i.Master_Info_UP    master_comm.o
    0x08005cae   0x08005cae   0x0000000a   Code   RO         1010    i.Master_Rx_Info_Buff  master_comm.o
    0x08005cb8   0x08005cb8   0x00000054   Code   RO         1011    i.Master_Rx_Info_UP  master_comm.o
    0x08005d0c   0x08005d0c   0x00000030   Code   RO         1012    i.Master_Tx_Info_Buff  master_comm.o
    0x08005d3c   0x08005d3c   0x000000a4   Code   RO         1013    i.Master_Tx_Info_UP  master_comm.o
    0x08005de0   0x08005de0   0x00000002   Code   RO         4289    i.MemManage_Handler  stm32f4xx_it.o
    0x08005de2   0x08005de2   0x00000002   PAD
    0x08005de4   0x08005de4   0x00000034   Code   RO         1305    i.Momentum_Offline_Handler  offline.o
    0x08005e18   0x08005e18   0x00000028   Code   RO          810    i.Motor_Err_Torque_UP  chassic.o
    0x08005e40   0x08005e40   0x00000034   Code   RO          811    i.Motor_Rx_Torque_UP  chassic.o
    0x08005e74   0x08005e74   0x000000c0   Code   RO         2881    i.Mouse_FS          rc_sensor.o
    0x08005f34   0x08005f34   0x00000024   Code   RO         2882    i.Mouse_Updata      rc_sensor.o
    0x08005f58   0x08005f58   0x00000094   Code   RO         2883    i.Mouse_X_Speed     rc_sensor.o
    0x08005fec   0x08005fec   0x000000c0   Code   RO         2884    i.Mouse_Y_Speed     rc_sensor.o
    0x080060ac   0x080060ac   0x00000054   Code   RO         2885    i.Mouse_Z_Speed     rc_sensor.o
    0x08006100   0x08006100   0x00000002   Code   RO         4290    i.NMI_Handler       stm32f4xx_it.o
    0x08006102   0x08006102   0x00000002   PAD
    0x08006104   0x08006104   0x00000044   Code   RO         1014    i.Not_Link_RC_CH_UP  master_comm.o
    0x08006148   0x08006148   0x00000018   Code   RO         1015    i.Not_Link_RC_Flag_UP  master_comm.o
    0x08006160   0x08006160   0x0000001e   Code   RO         1306    i.Offline_Handler   offline.o
    0x0800617e   0x0800617e   0x00000002   PAD
    0x08006180   0x08006180   0x00000064   Code   RO          812    i.PosMeas_2_XMeas   chassic.o
    0x080061e4   0x080061e4   0x000000a8   Code   RO         2886    i.RC_IsChannelReset  rc_sensor.o
    0x0800628c   0x0800628c   0x0000003a   Code   RO         2887    i.RC_ResetData      rc_sensor.o
    0x080062c6   0x080062c6   0x00000002   PAD
    0x080062c8   0x080062c8   0x00000058   Code   RO         3045    i.RM_motor_init     user_motor.o
    0x08006320   0x08006320   0x00000036   Code   RO         2888    i.SF                rc_sensor.o
    0x08006356   0x08006356   0x00000002   PAD
    0x08006358   0x08006358   0x0000000c   Code   RO         4291    i.SPI2_IRQHandler   stm32f4xx_it.o
    0x08006364   0x08006364   0x00000024   Code   RO         3640    i.SPI2_Init         drv_spi.o
    0x08006388   0x08006388   0x00000010   Code   RO         5944    i.SPI_DMAAbortOnError  stm32f4xx_hal_spi.o
    0x08006398   0x08006398   0x0000005c   Code   RO         5954    i.SPI_EndRxTransaction  stm32f4xx_hal_spi.o
    0x080063f4   0x080063f4   0x00000058   Code   RO         5955    i.SPI_EndRxTxTransaction  stm32f4xx_hal_spi.o
    0x0800644c   0x0800644c   0x000000b8   Code   RO         5960    i.SPI_WaitFlagStateUntilTimeout  stm32f4xx_hal_spi.o
    0x08006504   0x08006504   0x00000038   Code   RO         1174    i.Save_Tx_Pack_Fixed_Info  ui.o
    0x0800653c   0x0800653c   0x00000048   Code   RO         2889    i.Sim_Channel       rc_sensor.o
    0x08006584   0x08006584   0x0000002c   Code   RO          546    i.StartControlTask  control_task.o
    0x080065b0   0x080065b0   0x00000008   Code   RO         3958    i.StartDefaultTask  freertos.o
    0x080065b8   0x080065b8   0x00000054   Code   RO          723    i.StartHeartBeatTask  heartbeat_task.o
    0x0800660c   0x0800660c   0x00000014   Code   RO          547    i.Start_Super_Task  control_task.o
    0x08006620   0x08006620   0x0000000c   Code   RO          757    i.Start_UI_Task     ui_task.o
    0x0800662c   0x0800662c   0x00000040   Code   RO         1097    i.State_Ctrl        state.o
    0x0800666c   0x0800666c   0x00000038   Code   RO         1098    i.State_Reset       state.o
    0x080066a4   0x080066a4   0x0000002c   Code   RO         8814    i.SysTick_Handler   port.o
    0x080066d0   0x080066d0   0x0000003c   Code   RO         1099    i.Sys_Judge_Is_Reset  state.o
    0x0800670c   0x0800670c   0x0000009c   Code   RO         3852    i.SystemClock_Config  main.o
    0x080067a8   0x080067a8   0x00000010   Code   RO         7559    i.SystemInit        system_stm32f4xx.o
    0x080067b8   0x080067b8   0x0000000c   Code   RO         4292    i.TIM2_IRQHandler   stm32f4xx_it.o
    0x080067c4   0x080067c4   0x0000000c   Code   RO         4293    i.TIM4_IRQHandler   stm32f4xx_it.o
    0x080067d0   0x080067d0   0x00000018   Code   RO         3705    i.TIM4_Init         drv_tim.o
    0x080067e8   0x080067e8   0x000000c8   Code   RO         6323    i.TIM_Base_SetConfig  stm32f4xx_hal_tim.o
    0x080068b0   0x080068b0   0x00000014   Code   RO         6334    i.TIM_ETR_SetConfig  stm32f4xx_hal_tim.o
    0x080068c4   0x080068c4   0x00000010   Code   RO         6335    i.TIM_ITRx_SetConfig  stm32f4xx_hal_tim.o
    0x080068d4   0x080068d4   0x00000022   Code   RO         6341    i.TIM_TI1_ConfigInputStage  stm32f4xx_hal_tim.o
    0x080068f6   0x080068f6   0x00000024   Code   RO         6343    i.TIM_TI2_ConfigInputStage  stm32f4xx_hal_tim.o
    0x0800691a   0x0800691a   0x0000001a   Code   RO         3087    i.TOF_Rx_Info       tof_sensor.o
    0x08006934   0x08006934   0x00000078   Code   RO         3088    i.TOF_Rx_Info_UP    tof_sensor.o
    0x080069ac   0x080069ac   0x00000012   Code   RO         3089    i.TOF_Rx_Raw_Info   tof_sensor.o
    0x080069be   0x080069be   0x00000002   PAD
    0x080069c0   0x080069c0   0x00000080   Code   RO         3090    i.TOF_Tx_Info       tof_sensor.o
    0x08006a40   0x08006a40   0x00000022   Code   RO         3091    i.TOF_Tx_Info_UP    tof_sensor.o
    0x08006a62   0x08006a62   0x00000020   Code   RO         3092    i.TOF_sensor_heart_beat  tof_sensor.o
    0x08006a82   0x08006a82   0x00000002   PAD
    0x08006a84   0x08006a84   0x00000038   Code   RO          813    i.Tx_KT_Motor_Iq_Input  chassic.o
    0x08006abc   0x08006abc   0x00000148   Code   RO          814    i.Tx_KT_Motor_SpeedControl_Input  chassic.o
    0x08006c04   0x08006c04   0x00000048   Code   RO          815    i.Tx_RM_Motor_Iq_Input  chassic.o
    0x08006c4c   0x08006c4c   0x00000018   Code   RO         4294    i.UART4_IRQHandler  stm32f4xx_it.o
    0x08006c64   0x08006c64   0x00000018   Code   RO         4295    i.UART5_IRQHandler  stm32f4xx_it.o
    0x08006c7c   0x08006c7c   0x00000010   Code   RO         7243    i.UART_DMAAbortOnError  stm32f4xx_hal_uart.o
    0x08006c8c   0x08006c8c   0x0000004a   Code   RO         7244    i.UART_DMAError     stm32f4xx_hal_uart.o
    0x08006cd6   0x08006cd6   0x00000042   Code   RO         7249    i.UART_DMATransmitCplt  stm32f4xx_hal_uart.o
    0x08006d18   0x08006d18   0x0000000a   Code   RO         7251    i.UART_DMATxHalfCplt  stm32f4xx_hal_uart.o
    0x08006d22   0x08006d22   0x0000004e   Code   RO         7253    i.UART_EndRxTransfer  stm32f4xx_hal_uart.o
    0x08006d70   0x08006d70   0x0000001c   Code   RO         7254    i.UART_EndTxTransfer  stm32f4xx_hal_uart.o
    0x08006d8c   0x08006d8c   0x000000c0   Code   RO         7255    i.UART_Receive_IT   stm32f4xx_hal_uart.o
    0x08006e4c   0x08006e4c   0x0000010c   Code   RO         7256    i.UART_SetConfig    stm32f4xx_hal_uart.o
    0x08006f58   0x08006f58   0x00000050   Code   RO         1175    i.UI_Ctrl           ui.o
    0x08006fa8   0x08006fa8   0x0000001c   Code   RO         1176    i.UI_Data_ID_UP     ui.o
    0x08006fc4   0x08006fc4   0x0000000e   Code   RO         1177    i.UI_Prepare        ui.o
    0x08006fd2   0x08006fd2   0x00000002   PAD
    0x08006fd4   0x08006fd4   0x000000d8   Code   RO         1178    i.UI_Save_Aim       ui.o
    0x080070ac   0x080070ac   0x00000080   Code   RO         1179    i.UI_Save_Cap_Data  ui.o
    0x0800712c   0x0800712c   0x00000074   Code   RO         1180    i.UI_Save_Chas_State  ui.o
    0x080071a0   0x080071a0   0x0000007c   Code   RO         1181    i.UI_Save_Chas_Vision_Length  ui.o
    0x0800721c   0x0800721c   0x00000078   Code   RO         1182    i.UI_Save_Chas_Vision_Wide  ui.o
    0x08007294   0x08007294   0x00000068   Code   RO         1183    i.UI_Save_Magz_Data  ui.o
    0x080072fc   0x080072fc   0x0000006c   Code   RO         1184    i.UI_Save_Top_Data  ui.o
    0x08007368   0x08007368   0x00000014   Code   RO         1185    i.UI_Send_Data_Pack  ui.o
    0x0800737c   0x0800737c   0x00000078   Code   RO         1186    i.UI_TX_ext_pack1   ui.o
    0x080073f4   0x080073f4   0x00000094   Code   RO         1187    i.UI_TX_ext_pack2   ui.o
    0x08007488   0x08007488   0x00000018   Code   RO         4296    i.USART1_IRQHandler  stm32f4xx_it.o
    0x080074a0   0x080074a0   0x00000038   Code   RO         3733    i.USART1_Init       drv_uart.o
    0x080074d8   0x080074d8   0x00000010   Code   RO         1513    i.USART1_rxDataHandler  comm_protocol.o
    0x080074e8   0x080074e8   0x00000018   Code   RO         4297    i.USART2_IRQHandler  stm32f4xx_it.o
    0x08007500   0x08007500   0x0000003c   Code   RO         3735    i.USART2_Init       drv_uart.o
    0x0800753c   0x0800753c   0x00000002   Code   RO         1403    i.USART2_rxDataHandler  rc_protocol.o
    0x0800753e   0x0800753e   0x00000002   PAD
    0x08007540   0x08007540   0x00000018   Code   RO         4298    i.USART3_IRQHandler  stm32f4xx_it.o
    0x08007558   0x08007558   0x00000038   Code   RO         3737    i.USART3_Init       drv_uart.o
    0x08007590   0x08007590   0x00000038   Code   RO         1540    i.USART3_rxDataHandler  tof_protocol.o
    0x080075c8   0x080075c8   0x00000038   Code   RO         3739    i.USART4_Init       drv_uart.o
    0x08007600   0x08007600   0x0000001c   Code   RO         1590    i.USART4_rxDataHandler  judge_potocol.o
    0x0800761c   0x0800761c   0x00000038   Code   RO         3741    i.USART5_Init       drv_uart.o
    0x08007654   0x08007654   0x00000002   Code   RO         3742    i.USART5_rxDataHandler  drv_uart.o
    0x08007656   0x08007656   0x00000002   Code   RO         4299    i.UsageFault_Handler  stm32f4xx_it.o
    0x08007658   0x08007658   0x0000003c   Code   RO          427    i.Verify_CRC16_Check_Sum  crc.o
    0x08007694   0x08007694   0x0000002a   Code   RO          428    i.Verify_CRC8_Check_Sum  crc.o
    0x080076be   0x080076be   0x00000002   PAD
    0x080076c0   0x080076c0   0x00000050   Code   RO         2890    i.WS_Channel        rc_sensor.o
    0x08007710   0x08007710   0x00000020   Code   RO         5501    i.__NVIC_SetPriority  stm32f4xx_hal_cortex.o
    0x08007730   0x08007730   0x00000210   Code   RO        10463    i.arm_atan2_f32     fastmathfunctions.o
    0x08007940   0x08007940   0x00000084   Code   RO        10466    i.arm_cos_f32       fastmathfunctions.o
    0x080079c4   0x080079c4   0x00000080   Code   RO        10471    i.arm_sin_f32       fastmathfunctions.o
    0x08007a44   0x08007a44   0x00000024   Code   RO          166    i.ave_fil_init      ave_filter.o
    0x08007a68   0x08007a68   0x00000090   Code   RO          167    i.ave_fil_update    ave_filter.o
    0x08007af8   0x08007af8   0x00000086   Code   RO         2514    i.bmi270_get_sensor_config  bmi270.o
    0x08007b7e   0x08007b7e   0x00000002   PAD
    0x08007b80   0x08007b80   0x00000074   Code   RO         2515    i.bmi270_init       bmi270.o
    0x08007bf4   0x08007bf4   0x0000007e   Code   RO         2519    i.bmi270_sensor_enable  bmi270.o
    0x08007c72   0x08007c72   0x00000082   Code   RO         2520    i.bmi270_set_sensor_config  bmi270.o
    0x08007cf4   0x08007cf4   0x00000018   Code   RO         2761    i.bmi2_delay        common.o
    0x08007d0c   0x08007d0c   0x00000016   Code   RO         2762    i.bmi2_delay_us     common.o
    0x08007d22   0x08007d22   0x00000002   Code   RO         2763    i.bmi2_error_codes_print_result  common.o
    0x08007d24   0x08007d24   0x00000036   Code   RO         1787    i.bmi2_extract_input_feat_config  bmi2.o
    0x08007d5a   0x08007d5a   0x000000a0   Code   RO         1790    i.bmi2_get_feat_config  bmi2.o
    0x08007dfa   0x08007dfa   0x0000007c   Code   RO         1791    i.bmi2_get_feature_data  bmi2.o
    0x08007e76   0x08007e76   0x00000040   Code   RO         1798    i.bmi2_get_gyro_cross_sense  bmi2.o
    0x08007eb6   0x08007eb6   0x00000002   PAD
    0x08007eb8   0x08007eb8   0x00000034   Code   RO         1801    i.bmi2_get_internal_status  bmi2.o
    0x08007eec   0x08007eec   0x0000007e   Code   RO         1802    i.bmi2_get_regs     bmi2.o
    0x08007f6a   0x08007f6a   0x000000b4   Code   RO         1804    i.bmi2_get_sensor_config  bmi2.o
    0x0800801e   0x0800801e   0x00000026   Code   RO         1806    i.bmi2_get_status   bmi2.o
    0x08008044   0x08008044   0x00000058   Code   RO         2764    i.bmi2_interface_init  common.o
    0x0800809c   0x0800809c   0x00000076   Code   RO         1807    i.bmi2_map_data_int  bmi2.o
    0x08008112   0x08008112   0x00000002   PAD
    0x08008114   0x08008114   0x00000024   Code   RO         2765    i.bmi2_micros       common.o
    0x08008138   0x08008138   0x00000078   Code   RO         1816    i.bmi2_sec_init     bmi2.o
    0x080081b0   0x080081b0   0x00000054   Code   RO         1819    i.bmi2_set_adv_power_save  bmi2.o
    0x08008204   0x08008204   0x0000006c   Code   RO         1829    i.bmi2_set_regs     bmi2.o
    0x08008270   0x08008270   0x000000a8   Code   RO         1831    i.bmi2_set_sensor_config  bmi2.o
    0x08008318   0x08008318   0x00000060   Code   RO         1832    i.bmi2_soft_reset   bmi2.o
    0x08008378   0x08008378   0x00000060   Code   RO         2766    i.bmi2_spi_read     common.o
    0x080083d8   0x080083d8   0x00000060   Code   RO         2767    i.bmi2_spi_write    common.o
    0x08008438   0x08008438   0x00000056   Code   RO         1834    i.bmi2_write_config_file  bmi2.o
    0x0800848e   0x0800848e   0x00000002   PAD
    0x08008490   0x08008490   0x00000034   Code   RO         1681    i.bmi_init          bmi.o
    0x080084c4   0x080084c4   0x0000001e   Code   RO         3391    i.can_rx_buff       rm_motor.o
    0x080084e2   0x080084e2   0x00000002   Code   RO         3392    i.can_tx_buff       rm_motor.o
    0x080084e4   0x080084e4   0x00000034   Code   RO         3185    i.cap_send_0x2E     super.o
    0x08008518   0x08008518   0x00000038   Code   RO         3186    i.cap_send_0x2F     super.o
    0x08008550   0x08008550   0x0000003e   Code   RO         1837    i.cfg_error_status  bmi2.o
    0x0800858e   0x0800858e   0x00000030   Code   RO         1838    i.check_boundary_val  bmi2.o
    0x080085be   0x080085be   0x000000dc   Code   RO         1842    i.config_aux_interface  bmi2.o
    0x0800869a   0x0800869a   0x00000002   PAD
    0x0800869c   0x0800869c   0x00000018   Code   RO         3743    i.dma_m0_rxcplt_callback  drv_uart.o
    0x080086b4   0x080086b4   0x00000018   Code   RO         3744    i.dma_m1_rxcplt_callback  drv_uart.o
    0x080086cc   0x080086cc   0x00000072   Code   RO         2524    i.enable_main_sensors  bmi270.o
    0x0800873e   0x0800873e   0x0000008c   Code   RO         2525    i.enable_sensor_features  bmi270.o
    0x080087ca   0x080087ca   0x00000036   Code   RO         1852    i.extract_output_feat_config  bmi2.o
    0x08008800   0x08008800   0x0000004e   Code   RO         1854    i.get_accel_config  bmi2.o
    0x0800884e   0x0800884e   0x0000007c   Code   RO         2527    i.get_any_motion_config  bmi270.o
    0x080088ca   0x080088ca   0x000000b2   Code   RO         1855    i.get_aux_config    bmi2.o
    0x0800897c   0x0800897c   0x00000076   Code   RO         2528    i.get_feat_config   bmi270.o
    0x080089f2   0x080089f2   0x0000005e   Code   RO         1856    i.get_gyro_config   bmi2.o
    0x08008a50   0x08008a50   0x00000072   Code   RO         1857    i.get_gyro_cross_sense  bmi2.o
    0x08008ac2   0x08008ac2   0x00000088   Code   RO         1858    i.get_gyro_gain_update_config  bmi2.o
    0x08008b4a   0x08008b4a   0x00000066   Code   RO         1859    i.get_gyro_gain_update_status  bmi2.o
    0x08008bb0   0x08008bb0   0x00000264   Code   RO         3275    i.get_kt_motor_info  kt_motor.o
    0x08008e14   0x08008e14   0x0000007c   Code   RO         2529    i.get_no_motion_config  bmi270.o
    0x08008e90   0x08008e90   0x00000058   Code   RO         3393    i.get_rm_can_drvie  rm_motor.o
    0x08008ee8   0x08008ee8   0x00000066   Code   RO         3394    i.get_rm_info       rm_motor.o
    0x08008f4e   0x08008f4e   0x000000a0   Code   RO         2531    i.get_sig_motion_config  bmi270.o
    0x08008fee   0x08008fee   0x0000005a   Code   RO         2532    i.get_step_config   bmi270.o
    0x08009048   0x08009048   0x000000a8   Code   RO         2533    i.get_step_count_params_config  bmi270.o
    0x080090f0   0x080090f0   0x00000068   Code   RO         2536    i.get_wrist_gest_config  bmi270.o
    0x08009158   0x08009158   0x0000007c   Code   RO         2537    i.get_wrist_wear_wake_up_config  bmi270.o
    0x080091d4   0x080091d4   0x00000020   Code   RO         2833    i.imu_heart_beat    imu_sensor.o
    0x080091f4   0x080091f4   0x000000b8   Code   RO         2834    i.imu_init          imu_sensor.o
    0x080092ac   0x080092ac   0x00000368   Code   RO         1442    i.imu_update        imu_protocol.o
    0x08009614   0x08009614   0x0000002c   Code   RO         1682    i.inVSqrt           bmi.o
    0x08009640   0x08009640   0x00000026   Code   RO         1640    i.int16_to_float    cap_protocol.o
    0x08009666   0x08009666   0x00000002   Code   RO         3150    i.judge_sensor_check  judge_sensor.o
    0x08009668   0x08009668   0x0000002e   Code   RO         3151    i.judge_sensor_heart_beat  judge_sensor.o
    0x08009696   0x08009696   0x00000022   Code   RO         1591    i.judge_sensor_init  judge_potocol.o
    0x080096b8   0x080096b8   0x000001c2   Code   RO         1592    i.judge_sensor_update  judge_potocol.o
    0x0800987a   0x0800987a   0x00000024   Code   RO         3276    i.kt_motor_class_pid_init  kt_motor.o
    0x0800989e   0x0800989e   0x0000000a   Code   RO            9    i.lowpass           rp_math.o
    0x080098a8   0x080098a8   0x00000026   Code   RO         1683    i.lsb_to_dps        bmi.o
    0x080098ce   0x080098ce   0x00000002   PAD
    0x080098d0   0x080098d0   0x00000034   Code   RO         1684    i.lsb_to_mps2       bmi.o
    0x08009904   0x08009904   0x00000046   Code   RO         3853    i.main              main.o
    0x0800994a   0x0800994a   0x0000000c   Code   RO         8379    i.makeFreeRtosPriority  cmsis_os.o
    0x08009956   0x08009956   0x0000002a   Code   RO         3395    i.motor_class_heartbeat  rm_motor.o
    0x08009980   0x08009980   0x000000a0   Code   RO         3396    i.motor_class_init  rm_motor.o
    0x08009a20   0x08009a20   0x00000074   Code   RO         3397    i.motor_class_pid_init  rm_motor.o
    0x08009a94   0x08009a94   0x00000054   Code   RO         3398    i.motor_class_stucking_flag  rm_motor.o
    0x08009ae8   0x08009ae8   0x00000020   Code   RO         3399    i.motor_cycle       rm_motor.o
    0x08009b08   0x08009b08   0x0000003c   Code   RO         3400    i.motor_half_cycle  rm_motor.o
    0x08009b44   0x08009b44   0x00000032   Code   RO         3401    i.motor_judge_dir   rm_motor.o
    0x08009b76   0x08009b76   0x00000048   Code   RO         3402    i.motor_offset      rm_motor.o
    0x08009bbe   0x08009bbe   0x00000002   PAD
    0x08009bc0   0x08009bc0   0x0000004c   Code   RO         3403    i.motor_pid_angle   rm_motor.o
    0x08009c0c   0x08009c0c   0x00000114   Code   RO         3404    i.motor_pid_cal     rm_motor.o
    0x08009d20   0x08009d20   0x000000c4   Code   RO         3405    i.motor_pid_ctrl    rm_motor.o
    0x08009de4   0x08009de4   0x00000008   Code   RO         3406    i.motor_pid_double  rm_motor.o
    0x08009dec   0x08009dec   0x00000020   Code   RO         3407    i.motor_pid_err     rm_motor.o
    0x08009e0c   0x08009e0c   0x00000048   Code   RO         3408    i.motor_pid_position  rm_motor.o
    0x08009e54   0x08009e54   0x00000014   Code   RO         3409    i.motor_pid_single  rm_motor.o
    0x08009e68   0x08009e68   0x00000048   Code   RO         3410    i.motor_pid_speed   rm_motor.o
    0x08009eb0   0x08009eb0   0x00000018   Code   RO         1867    i.null_ptr_check    bmi2.o
    0x08009ec8   0x08009ec8   0x00000018   Code   RO         2538    i.null_ptr_check    bmi270.o
    0x08009ee0   0x08009ee0   0x0000000e   Code   RO         8381    i.osDelay           cmsis_os.o
    0x08009eee   0x08009eee   0x0000000a   Code   RO         8384    i.osKernelStart     cmsis_os.o
    0x08009ef8   0x08009ef8   0x00000054   Code   RO         8418    i.osThreadCreate    cmsis_os.o
    0x08009f4c   0x08009f4c   0x00000070   Code   RO         8061    i.prvAddCurrentTaskToDelayedList  tasks.o
    0x08009fbc   0x08009fbc   0x000000d0   Code   RO         8062    i.prvAddNewTaskToReadyList  tasks.o
    0x0800a08c   0x0800a08c   0x00000034   Code   RO         8063    i.prvDeleteTCB      tasks.o
    0x0800a0c0   0x0800a0c0   0x0000004c   Code   RO         8746    i.prvHeapInit       heap_4.o
    0x0800a10c   0x0800a10c   0x0000005c   Code   RO         8064    i.prvIdleTask       tasks.o
    0x0800a168   0x0800a168   0x00000098   Code   RO         8065    i.prvInitialiseNewTask  tasks.o
    0x0800a200   0x0800a200   0x0000004c   Code   RO         8747    i.prvInsertBlockIntoFreeList  heap_4.o
    0x0800a24c   0x0800a24c   0x00000020   Code   RO         8066    i.prvResetNextTaskUnblockTime  tasks.o
    0x0800a26c   0x0800a26c   0x00000028   Code   RO         8815    i.prvTaskExitError  port.o
    0x0800a294   0x0800a294   0x000000dc   Code   RO         8748    i.pvPortMalloc      heap_4.o
    0x0800a370   0x0800a370   0x0000002c   Code   RO         8816    i.pxPortInitialiseStack  port.o
    0x0800a39c   0x0800a39c   0x00000052   Code   RO         2891    i.rc_sensor_check   rc_sensor.o
    0x0800a3ee   0x0800a3ee   0x0000002a   Code   RO         2892    i.rc_sensor_heart_beat  rc_sensor.o
    0x0800a418   0x0800a418   0x00000018   Code   RO         1404    i.rc_sensor_init    rc_protocol.o
    0x0800a430   0x0800a430   0x000000ac   Code   RO         1405    i.rc_sensor_update  rc_protocol.o
    0x0800a4dc   0x0800a4dc   0x000000c0   Code   RO         2539    i.select_sensor     bmi270.o
    0x0800a59c   0x0800a59c   0x00000098   Code   RO         1887    i.set_accel_config  bmi2.o
    0x0800a634   0x0800a634   0x00000070   Code   RO         1685    i.set_accel_gyro_config  bmi.o
    0x0800a6a4   0x0800a6a4   0x00000070   Code   RO         2540    i.set_any_motion    bmi270.o
    0x0800a714   0x0800a714   0x000000ae   Code   RO         2541    i.set_any_motion_config  bmi270.o
    0x0800a7c2   0x0800a7c2   0x00000090   Code   RO         1889    i.set_aux_config    bmi2.o
    0x0800a852   0x0800a852   0x00000036   Code   RO         1890    i.set_config_load   bmi2.o
    0x0800a888   0x0800a888   0x00000076   Code   RO         2542    i.set_feat_config   bmi270.o
    0x0800a8fe   0x0800a8fe   0x000000ac   Code   RO         1891    i.set_gyro_config   bmi2.o
    0x0800a9aa   0x0800a9aa   0x0000006c   Code   RO         2543    i.set_gyro_self_offset_corr  bmi270.o
    0x0800aa16   0x0800aa16   0x00000070   Code   RO         2544    i.set_gyro_user_gain  bmi270.o
    0x0800aa86   0x0800aa86   0x000000a2   Code   RO         1892    i.set_gyro_user_gain_config  bmi2.o
    0x0800ab28   0x0800ab28   0x0000004c   Code   RO         3187    i.set_message       super.o
    0x0800ab74   0x0800ab74   0x00000070   Code   RO         2545    i.set_no_motion     bmi270.o
    0x0800abe4   0x0800abe4   0x000000ae   Code   RO         2546    i.set_no_motion_config  bmi270.o
    0x0800ac92   0x0800ac92   0x00000070   Code   RO         2547    i.set_sig_motion    bmi270.o
    0x0800ad02   0x0800ad02   0x0000009e   Code   RO         2548    i.set_sig_motion_config  bmi270.o
    0x0800ada0   0x0800ada0   0x00000070   Code   RO         2549    i.set_step_activity  bmi270.o
    0x0800ae10   0x0800ae10   0x0000008a   Code   RO         2550    i.set_step_config   bmi270.o
    0x0800ae9a   0x0800ae9a   0x000000d2   Code   RO         2551    i.set_step_count_params_config  bmi270.o
    0x0800af6c   0x0800af6c   0x00000070   Code   RO         2552    i.set_step_counter  bmi270.o
    0x0800afdc   0x0800afdc   0x00000070   Code   RO         2553    i.set_step_detector  bmi270.o
    0x0800b04c   0x0800b04c   0x0000009c   Code   RO         2554    i.set_wrist_gest_config  bmi270.o
    0x0800b0e8   0x0800b0e8   0x0000006c   Code   RO         2555    i.set_wrist_gesture  bmi270.o
    0x0800b154   0x0800b154   0x0000006c   Code   RO         2556    i.set_wrist_wear_wake_up  bmi270.o
    0x0800b1c0   0x0800b1c0   0x000000ac   Code   RO         2557    i.set_wrist_wear_wake_up_config  bmi270.o
    0x0800b26c   0x0800b26c   0x00000016   Code   RO         3188    i.super_ctrl        super.o
    0x0800b282   0x0800b282   0x00000026   Code   RO         3189    i.super_heart_beat  super.o
    0x0800b2a8   0x0800b2a8   0x0000005c   Code   RO         3278    i.tx_kt_motor_R_command  kt_motor.o
    0x0800b304   0x0800b304   0x000001e4   Code   RO         3279    i.tx_kt_motor_W_command  kt_motor.o
    0x0800b4e8   0x0800b4e8   0x000000f0   Code   RO         3745    i.uart_rx_idle_callback  drv_uart.o
    0x0800b5d8   0x0800b5d8   0x00000040   Code   RO         1909    i.upload_file       bmi2.o
    0x0800b618   0x0800b618   0x00000026   Code   RO         7697    i.uxListRemove      list.o
    0x0800b63e   0x0800b63e   0x00000002   PAD
    0x0800b640   0x0800b640   0x00000014   Code   RO         3962    i.vApplicationGetIdleTaskMemory  freertos.o
    0x0800b654   0x0800b654   0x00000016   Code   RO         7698    i.vListInitialise   list.o
    0x0800b66a   0x0800b66a   0x00000006   Code   RO         7699    i.vListInitialiseItem  list.o
    0x0800b670   0x0800b670   0x00000030   Code   RO         7700    i.vListInsert       list.o
    0x0800b6a0   0x0800b6a0   0x00000018   Code   RO         7701    i.vListInsertEnd    list.o
    0x0800b6b8   0x0800b6b8   0x00000040   Code   RO         8818    i.vPortEnterCritical  port.o
    0x0800b6f8   0x0800b6f8   0x00000028   Code   RO         8819    i.vPortExitCritical  port.o
    0x0800b720   0x0800b720   0x00000064   Code   RO         8749    i.vPortFree         heap_4.o
    0x0800b784   0x0800b784   0x00000024   Code   RO         8820    i.vPortSetupTimerInterrupt  port.o
    0x0800b7a8   0x0800b7a8   0x0000004c   Code   RO         8075    i.vTaskDelay        tasks.o
    0x0800b7f4   0x0800b7f4   0x0000006c   Code   RO         8088    i.vTaskStartScheduler  tasks.o
    0x0800b860   0x0800b860   0x00000010   Code   RO         8090    i.vTaskSuspendAll   tasks.o
    0x0800b870   0x0800b870   0x0000005c   Code   RO         8091    i.vTaskSwitchContext  tasks.o
    0x0800b8cc   0x0800b8cc   0x000000c2   Code   RO         1912    i.write_config_file  bmi2.o
    0x0800b98e   0x0800b98e   0x00000008   Code   RO         3280    i.write_kt_motor_accel_param  kt_motor.o
    0x0800b996   0x0800b996   0x0000000c   Code   RO         3281    i.write_kt_motor_angle_add_Control_param  kt_motor.o
    0x0800b9a2   0x0800b9a2   0x00000002   Code   RO         3282    i.write_kt_motor_angle_single_Control_param  kt_motor.o
    0x0800b9a4   0x0800b9a4   0x0000000c   Code   RO         3283    i.write_kt_motor_angle_sum_Control_param  kt_motor.o
    0x0800b9b0   0x0800b9b0   0x00000012   Code   RO         3284    i.write_kt_motor_encoderOffset_param  kt_motor.o
    0x0800b9c2   0x0800b9c2   0x0000001a   Code   RO         3285    i.write_kt_motor_iqControl_param  kt_motor.o
    0x0800b9dc   0x0800b9dc   0x00000022   Code   RO         3286    i.write_kt_motor_pid_param  kt_motor.o
    0x0800b9fe   0x0800b9fe   0x00000016   Code   RO         3287    i.write_kt_motor_powerControl_param  kt_motor.o
    0x0800ba14   0x0800ba14   0x00000008   Code   RO         3288    i.write_kt_motor_speedControl_param  kt_motor.o
    0x0800ba1c   0x0800ba1c   0x000000f4   Code   RO         8822    i.xPortStartScheduler  port.o
    0x0800bb10   0x0800bb10   0x0000005a   Code   RO         8094    i.xTaskCreate       tasks.o
    0x0800bb6a   0x0800bb6a   0x0000005a   Code   RO         8095    i.xTaskCreateStatic  tasks.o
    0x0800bbc4   0x0800bbc4   0x000000cc   Code   RO         8102    i.xTaskIncrementTick  tasks.o
    0x0800bc90   0x0800bc90   0x000000c4   Code   RO         8108    i.xTaskResumeAll    tasks.o
    0x0800bd54   0x0800bd54   0x00000062   Code   RO        14649    x$fpl$d2f           fz_wm.l(d2f.o)
    0x0800bdb6   0x0800bdb6   0x00000002   PAD
    0x0800bdb8   0x0800bdb8   0x00000154   Code   RO        14679    x$fpl$dmul          fz_wm.l(dmul.o)
    0x0800bf0c   0x0800bf0c   0x0000009c   Code   RO        14812    x$fpl$dnaninf       fz_wm.l(dnaninf.o)
    0x0800bfa8   0x0800bfa8   0x0000000c   Code   RO        14814    x$fpl$dretinf       fz_wm.l(dretinf.o)
    0x0800bfb4   0x0800bfb4   0x00000056   Code   RO        14683    x$fpl$f2d           fz_wm.l(f2d.o)
    0x0800c00a   0x0800c00a   0x00000060   Code   RO        14689    x$fpl$ffltll        fz_wm.l(ffltll_clz.o)
    0x0800c06a   0x0800c06a   0x0000008c   Code   RO        14818    x$fpl$fnaninf       fz_wm.l(fnaninf.o)
    0x0800c0f6   0x0800c0f6   0x0000000a   Code   RO        14967    x$fpl$fpinit        fz_wm.l(fpinit.o)
    0x0800c100   0x0800c100   0x0000000a   Code   RO        14820    x$fpl$fretinf       fz_wm.l(fretinf.o)
    0x0800c10a   0x0800c10a   0x00000000   Code   RO        14824    x$fpl$usenofp       fz_wm.l(usenofp.o)
    0x0800c10a   0x0800c10a   0x00000300   Data   RO          430    .constdata          crc.o
    0x0800c40a   0x0800c40a   0x00000002   PAD
    0x0800c40c   0x0800c40c   0x00000040   Data   RO          818    .constdata          chassic.o
    0x0800c44c   0x0800c44c   0x00000006   Data   RO         1914    .constdata          bmi2.o
    0x0800c452   0x0800c452   0x00002048   Data   RO         2558    .constdata          bmi270.o
    0x0800e49a   0x0800e49a   0x00000002   PAD
    0x0800e49c   0x0800e49c   0x0000008c   Data   RO         3964    .constdata          freertos.o
    0x0800e528   0x0800e528   0x00000008   Data   RO         5218    .constdata          stm32f4xx_hal_dma.o
    0x0800e530   0x0800e530   0x00000010   Data   RO         7560    .constdata          system_stm32f4xx.o
    0x0800e540   0x0800e540   0x00000008   Data   RO         7561    .constdata          system_stm32f4xx.o
    0x0800e548   0x0800e548   0x00000804   Data   RO         9675    .constdata          commontables.o
    0x0800ed4c   0x0800ed4c   0x00000070   Data   RO        10482    .constdata          fastmathfunctions.o
    0x0800edbc   0x0800edbc   0x0000003c   Data   RO         3965    .conststring        freertos.o
    0x0800edf8   0x0800edf8   0x00000020   Data   RO        15025    Region$$Table       anon$$obj.o


    Execution Region RW_IRAM1 (Exec base: 0x20000000, Load base: 0x0800ee18, Size: 0x00006130, Max: 0x0001c000, ABSOLUTE, COMPRESSED[0x00000188])

    Exec Addr    Load Addr    Size         Type   Attr      Idx    E Section Name        Object

    0x20000000   COMPRESSED   0x00000002   Data   RW          431    .data               crc.o
    0x20000002   COMPRESSED   0x00000001   Data   RW          724    .data               heartbeat_task.o
    0x20000003   COMPRESSED   0x00000001   PAD
    0x20000004   COMPRESSED   0x00000278   Data   RW          819    .data               chassic.o
    0x2000027c   COMPRESSED   0x00000044   Data   RW         1016    .data               master_comm.o
    0x200002c0   COMPRESSED   0x0000001c   Data   RW         1100    .data               state.o
    0x200002dc   COMPRESSED   0x00000004   Data   RW         1189    .data               ui.o
    0x200002e0   COMPRESSED   0x0000000c   Data   RW         1308    .data               offline.o
    0x200002ec   COMPRESSED   0x00000054   Data   RW         1444    .data               imu_protocol.o
    0x20000340   COMPRESSED   0x000000a8   Data   RW         1686    .data               bmi.o
    0x200003e8   COMPRESSED   0x00000010   Data   RW         2559    .data               bmi270.o
    0x200003f8   COMPRESSED   0x00000008   Data   RW         2768    .data               common.o
    0x20000400   COMPRESSED   0x00000014   Data   RW         2837    .data               imu_sensor.o
    0x20000414   COMPRESSED   0x0000002c   Data   RW         2838    .data               imu_sensor.o
    0x20000440   COMPRESSED   0x00000004   Data   RW         2839    .data               imu_sensor.o
    0x20000444   COMPRESSED   0x0000007c   Data   RW         2895    .data               rc_sensor.o
    0x200004c0   COMPRESSED   0x000005d0   Data   RW         3046    .data               user_motor.o
    0x20000a90   COMPRESSED   0x00000084   Data   RW         3093    .data               tof_sensor.o
    0x20000b14   COMPRESSED   0x000000c0   Data   RW         3152    .data               judge_sensor.o
    0x20000bd4   COMPRESSED   0x00000024   Data   RW         3153    .data               judge_sensor.o
    0x20000bf8   COMPRESSED   0x0000003c   Data   RW         3190    .data               super.o
    0x20000c34   COMPRESSED   0x00000008   Data   RW         3240    .data               device.o
    0x20000c3c   COMPRESSED   0x00000014   Data   RW         3966    .data               freertos.o
    0x20000c50   COMPRESSED   0x00000004   Data   RW         4027    .data               can.o
    0x20000c54   COMPRESSED   0x0000000c   Data   RW         5645    .data               stm32f4xx_hal.o
    0x20000c60   COMPRESSED   0x00000004   Data   RW         7562    .data               system_stm32f4xx.o
    0x20000c64   COMPRESSED   0x0000003c   Data   RW         8111    .data               tasks.o
    0x20000ca0   COMPRESSED   0x00000020   Data   RW         8755    .data               heap_4.o
    0x20000cc0   COMPRESSED   0x0000000c   Data   RW         8823    .data               port.o
    0x20000ccc        -       0x000001bd   Zero   RW         1188    .bss                ui.o
    0x20000e89   COMPRESSED   0x00000003   PAD
    0x20000e8c        -       0x0000018c   Zero   RW         1443    .bss                imu_protocol.o
    0x20001018        -       0x00000010   Zero   RW         1541    .bss                tof_protocol.o
    0x20001028        -       0x0000004c   Zero   RW         2835    .bss                imu_sensor.o
    0x20001074   COMPRESSED   0x00000004   PAD
    0x20001078        -       0x00000068   Zero   RW         2836    .bss                imu_sensor.o
    0x200010e0        -       0x0000018c   Zero   RW         2893    .bss                rc_sensor.o
    0x2000126c        -       0x00000048   Zero   RW         3583    .bss                drv_can.o
    0x200012b4        -       0x000002ec   Zero   RW         3746    .bss                drv_uart.o
    0x200015a0        -       0x00000254   Zero   RW         3963    .bss                freertos.o
    0x200017f4        -       0x00000050   Zero   RW         4026    .bss                can.o
    0x20001844        -       0x00000058   Zero   RW         4128    .bss                spi.o
    0x2000189c        -       0x00000048   Zero   RW         4170    .bss                tim.o
    0x200018e4        -       0x000004b4   Zero   RW         4216    .bss                usart.o
    0x20001d98        -       0x00000048   Zero   RW         4474    .bss                stm32f4xx_hal_timebase_tim.o
    0x20001de0        -       0x000000f0   Zero   RW         8110    .bss                tasks.o
    0x20001ed0        -       0x00003c00   Zero   RW         8754    .bss                heap_4.o
    0x20005ad0        -       0x00000060   Zero   RW        14883    .bss                c_w.l(libspace.o)
    0x20005b30        -       0x00000200   Zero   RW         3841    HEAP                startup_stm32f407xx.o
    0x20005d30        -       0x00000400   Zero   RW         3840    STACK               startup_stm32f407xx.o


    Execution Region RW_IRAM2 (Exec base: 0x2001c000, Load base: 0x0800efa0, Size: 0x00000000, Max: 0x00004000, ABSOLUTE)

    **** No section assigned to this execution region ****


==============================================================================

Image component sizes


      Code (inc. data)   RO Data    RW Data    ZI Data      Debug   Object Name

       180          6          0          0          0       2304   ave_filter.o
      2350         80          0        168          0      51555   bmi.o
      3630         12          6          0          0      37412   bmi2.o
      4396         22       8264         16          0      36434   bmi270.o
       392         46          0          4         80       2482   can.o
       120         10          0          0          0       1735   can_protocol.o
       130         12          0          0          0       1761   cap_protocol.o
      5696        546         64        632          0      23132   chassic.o
       120          0          0          0          0      23377   cmsis_os.o
        16          4          0          0          0        891   comm_protocol.o
       364         40          0          8          0       5708   common.o
         0          0       2052          0          0      13601   commontables.o
        64         18          0          0          0      55072   control_task.o
       246         20        768          2          0       5064   crc.o
        28          6          0          8          0       6661   device.o
       188          4          0          0          0        874   dma.o
        64          4          0          0          0       1010   driver.o
       392         40          0          0         72       3999   drv_can.o
        36          8          0          0          0        520   drv_spi.o
        24          6          0          0          0        516   drv_tim.o
      1272        102          0          0        748       8835   drv_uart.o
         0          0          0          0          0      16952   event_groups.o
       788         58        112          0          0      11583   fastmathfunctions.o
       156         14        200         20        596       2831   freertos.o
       184         12          0          0          0       1003   gpio.o
       472         24          0         32      15360       7507   heap_4.o
        84         18          0          1          0        837   heartbeat_task.o
       872         38          0         84        396       2692   imu_protocol.o
       216         20          0         68        180       3892   imu_sensor.o
       776         22          0          0          0       8994   judge_potocol.o
        48          0          0        228          0       7310   judge_sensor.o
         0          0          0          0          0      52261   kalman_filter.o
      1596        110          0          0          0      12989   kt_motor.o
       116         10          0          0          0        631   led.o
       138          0          0          0          0       3554   list.o
       274         16          0          0          0       2900   main.o
       644         68          0         68          0       8806   master_comm.o
       518         70          0         12          0       5671   offline.o
       702         70          0         12          0      10972   port.o
        68         12          0          0          0        696   power_limit.o
       198          0          0          0          0       2151   rc_protocol.o
      1432        166          0        124        396      15045   rc_sensor.o
      1590        102          0          0          0      22935   rm_motor.o
       128          0          0          0          0     710870   rp_math.o
       196         24          0          0         88       1689   spi.o
        64         26        392          0       1536        812   startup_stm32f407xx.o
       336         30          0         28          0      41035   state.o
       116         18          0         12          0       8710   stm32f4xx_hal.o
      1656          6          0          0          0      14559   stm32f4xx_hal_can.o
       158         14          0          0          0      33262   stm32f4xx_hal_cortex.o
      1084         16          8          0          0       7362   stm32f4xx_hal_dma.o
       474         46          0          0          0       2292   stm32f4xx_hal_gpio.o
        56          4          0          0          0        866   stm32f4xx_hal_msp.o
      1392         86          0          0          0       6029   stm32f4xx_hal_rcc.o
      1998         18          0          0          0      10731   stm32f4xx_hal_spi.o
      1110         72          0          0          0      10405   stm32f4xx_hal_tim.o
       148         28          0          0          0       2533   stm32f4xx_hal_tim_ex.o
       152         18          0          0         72       1475   stm32f4xx_hal_timebase_tim.o
      1596         28          0          0          0      12366   stm32f4xx_hal_uart.o
       342        122          0          0          0      12179   stm32f4xx_it.o
         0          0          0          0          0        432   stream_buffer.o
       244         20          0         60          0       4739   super.o
        16          4         24          4          0       1191   system_stm32f4xx.o
      1520        110          0         60        240      19526   tasks.o
       164         20          0          0         72       1694   tim.o
        56          8          0          0         16      45593   tof_protocol.o
       386         22          0        132          0       6714   tof_sensor.o
      1542        142          0          4        445      15929   ui.o
        12          0          0          0          0        512   ui_task.o
      1348        112          0          0       1204       5425   usart.o
       172         22          0       1488          0       2400   user_motor.o

    ----------------------------------------------------------------------
     47108       2832      11926       3276      21508    1466485   Object Totals
         0          0         32          0          0          0   (incl. Generated)
        62          0          4          1          7          0   (incl. Padding)

    ----------------------------------------------------------------------

      Code (inc. data)   RO Data    RW Data    ZI Data      Debug   Library Member Name

        90          0          0          0          0          0   __dczerorl2.o
         8          0          0          0          0         68   __main.o
         0          0          0          0          0          0   __rtentry.o
        12          0          0          0          0          0   __rtentry2.o
         6          0          0          0          0          0   __rtentry4.o
        52          8          0          0          0          0   __scatter.o
        28          0          0          0          0          0   __scatter_zi.o
        18          0          0          0          0         80   exit.o
         6          0          0          0          0        152   heapauxi.o
         0          0          0          0          0          0   indicate_semi.o
         2          0          0          0          0          0   libinit.o
         6          0          0          0          0          0   libinit2.o
         2          0          0          0          0          0   libshutdown.o
         2          0          0          0          0          0   libshutdown2.o
         8          4          0          0         96         68   libspace.o
       238          0          0          0          0        100   lludivv7m.o
        68          0          0          0          0         68   rt_memclr.o
        78          0          0          0          0         80   rt_memclr_w.o
       138          0          0          0          0         68   rt_memcpy_v6.o
       100          0          0          0          0         80   rt_memcpy_w.o
         2          0          0          0          0          0   rtexit.o
        10          0          0          0          0          0   rtexit2.o
        12          4          0          0          0         68   sys_exit.o
        74          0          0          0          0         80   sys_stackheap_outer.o
         2          0          0          0          0         68   use_no_semi.o
        98          4          0          0          0        140   d2f.o
       340         12          0          0          0        152   dmul.o
       156          4          0          0          0        140   dnaninf.o
        12          0          0          0          0        116   dretinf.o
        86          4          0          0          0        132   f2d.o
        96          0          0          0          0        132   ffltll_clz.o
       140          4          0          0          0        132   fnaninf.o
        10          0          0          0          0        116   fpinit.o
        10          0          0          0          0        116   fretinf.o
         0          0          0          0          0          0   usenofp.o

    ----------------------------------------------------------------------
      1918         44          0          0         96       2156   Library Totals
         8          0          0          0          0          0   (incl. Padding)

    ----------------------------------------------------------------------

      Code (inc. data)   RO Data    RW Data    ZI Data      Debug   Library Name

       962         16          0          0         96        980   c_w.l
       948         28          0          0          0       1176   fz_wm.l

    ----------------------------------------------------------------------
      1918         44          0          0         96       2156   Library Totals

    ----------------------------------------------------------------------

==============================================================================


      Code (inc. data)   RO Data    RW Data    ZI Data      Debug   

     49026       2876      11926       3276      21604    1425625   Grand Totals
     49026       2876      11926        392      21604    1425625   ELF Image Totals (compressed)
     49026       2876      11926        392          0          0   ROM Totals

==============================================================================

    Total RO  Size (Code + RO Data)                60952 (  59.52kB)
    Total RW  Size (RW Data + ZI Data)             24880 (  24.30kB)
    Total ROM Size (Code + RO Data + RW Data)      61344 (  59.91kB)

==============================================================================

